Archive member included to satisfy reference by file (symbol)

C:/ST/STM32CubeIDE_1.17.0/STM32CubeIDE/plugins/com.st.stm32cube.ide.mcu.externaltools.gnu-tools-for-stm32.12.3.rel1.win32_1.1.0.202410251130/tools/bin/../lib/gcc/arm-none-eabi/12.3.1/../../../../arm-none-eabi/lib/thumb/v7e-m+dp/hard\libc_nano.a(libc_a-atoi.o)
                              ./Core/Src/app/can_app.o (atoi)
C:/ST/STM32CubeIDE_1.17.0/STM32CubeIDE/plugins/com.st.stm32cube.ide.mcu.externaltools.gnu-tools-for-stm32.12.3.rel1.win32_1.1.0.202410251130/tools/bin/../lib/gcc/arm-none-eabi/12.3.1/../../../../arm-none-eabi/lib/thumb/v7e-m+dp/hard\libc_nano.a(libc_a-exit.o)
                              C:/ST/STM32CubeIDE_1.17.0/STM32CubeIDE/plugins/com.st.stm32cube.ide.mcu.externaltools.gnu-tools-for-stm32.12.3.rel1.win32_1.1.0.202410251130/tools/bin/../lib/gcc/arm-none-eabi/12.3.1/../../../../arm-none-eabi/lib/thumb/v7e-m+dp/hard/crt0.o (exit)
C:/ST/STM32CubeIDE_1.17.0/STM32CubeIDE/plugins/com.st.stm32cube.ide.mcu.externaltools.gnu-tools-for-stm32.12.3.rel1.win32_1.1.0.202410251130/tools/bin/../lib/gcc/arm-none-eabi/12.3.1/../../../../arm-none-eabi/lib/thumb/v7e-m+dp/hard\libc_nano.a(libc_a-strtol.o)
                              C:/ST/STM32CubeIDE_1.17.0/STM32CubeIDE/plugins/com.st.stm32cube.ide.mcu.externaltools.gnu-tools-for-stm32.12.3.rel1.win32_1.1.0.202410251130/tools/bin/../lib/gcc/arm-none-eabi/12.3.1/../../../../arm-none-eabi/lib/thumb/v7e-m+dp/hard\libc_nano.a(libc_a-atoi.o) (_strtol_r)
C:/ST/STM32CubeIDE_1.17.0/STM32CubeIDE/plugins/com.st.stm32cube.ide.mcu.externaltools.gnu-tools-for-stm32.12.3.rel1.win32_1.1.0.202410251130/tools/bin/../lib/gcc/arm-none-eabi/12.3.1/../../../../arm-none-eabi/lib/thumb/v7e-m+dp/hard\libc_nano.a(libc_a-ctype_.o)
                              C:/ST/STM32CubeIDE_1.17.0/STM32CubeIDE/plugins/com.st.stm32cube.ide.mcu.externaltools.gnu-tools-for-stm32.12.3.rel1.win32_1.1.0.202410251130/tools/bin/../lib/gcc/arm-none-eabi/12.3.1/../../../../arm-none-eabi/lib/thumb/v7e-m+dp/hard\libc_nano.a(libc_a-strtol.o) (_ctype_)
C:/ST/STM32CubeIDE_1.17.0/STM32CubeIDE/plugins/com.st.stm32cube.ide.mcu.externaltools.gnu-tools-for-stm32.12.3.rel1.win32_1.1.0.202410251130/tools/bin/../lib/gcc/arm-none-eabi/12.3.1/../../../../arm-none-eabi/lib/thumb/v7e-m+dp/hard\libc_nano.a(libc_a-findfp.o)
                              C:/ST/STM32CubeIDE_1.17.0/STM32CubeIDE/plugins/com.st.stm32cube.ide.mcu.externaltools.gnu-tools-for-stm32.12.3.rel1.win32_1.1.0.202410251130/tools/bin/../lib/gcc/arm-none-eabi/12.3.1/../../../../arm-none-eabi/lib/thumb/v7e-m+dp/hard\libc_nano.a(libc_a-exit.o) (__stdio_exit_handler)
C:/ST/STM32CubeIDE_1.17.0/STM32CubeIDE/plugins/com.st.stm32cube.ide.mcu.externaltools.gnu-tools-for-stm32.12.3.rel1.win32_1.1.0.202410251130/tools/bin/../lib/gcc/arm-none-eabi/12.3.1/../../../../arm-none-eabi/lib/thumb/v7e-m+dp/hard\libc_nano.a(libc_a-fwalk.o)
                              C:/ST/STM32CubeIDE_1.17.0/STM32CubeIDE/plugins/com.st.stm32cube.ide.mcu.externaltools.gnu-tools-for-stm32.12.3.rel1.win32_1.1.0.202410251130/tools/bin/../lib/gcc/arm-none-eabi/12.3.1/../../../../arm-none-eabi/lib/thumb/v7e-m+dp/hard\libc_nano.a(libc_a-findfp.o) (_fwalk_sglue)
C:/ST/STM32CubeIDE_1.17.0/STM32CubeIDE/plugins/com.st.stm32cube.ide.mcu.externaltools.gnu-tools-for-stm32.12.3.rel1.win32_1.1.0.202410251130/tools/bin/../lib/gcc/arm-none-eabi/12.3.1/../../../../arm-none-eabi/lib/thumb/v7e-m+dp/hard\libc_nano.a(libc_a-stdio.o)
                              C:/ST/STM32CubeIDE_1.17.0/STM32CubeIDE/plugins/com.st.stm32cube.ide.mcu.externaltools.gnu-tools-for-stm32.12.3.rel1.win32_1.1.0.202410251130/tools/bin/../lib/gcc/arm-none-eabi/12.3.1/../../../../arm-none-eabi/lib/thumb/v7e-m+dp/hard\libc_nano.a(libc_a-findfp.o) (__sread)
C:/ST/STM32CubeIDE_1.17.0/STM32CubeIDE/plugins/com.st.stm32cube.ide.mcu.externaltools.gnu-tools-for-stm32.12.3.rel1.win32_1.1.0.202410251130/tools/bin/../lib/gcc/arm-none-eabi/12.3.1/../../../../arm-none-eabi/lib/thumb/v7e-m+dp/hard\libc_nano.a(libc_a-memcmp.o)
                              ./Core/Src/app/console.o (memcmp)
C:/ST/STM32CubeIDE_1.17.0/STM32CubeIDE/plugins/com.st.stm32cube.ide.mcu.externaltools.gnu-tools-for-stm32.12.3.rel1.win32_1.1.0.202410251130/tools/bin/../lib/gcc/arm-none-eabi/12.3.1/../../../../arm-none-eabi/lib/thumb/v7e-m+dp/hard\libc_nano.a(libc_a-memset.o)
                              C:/ST/STM32CubeIDE_1.17.0/STM32CubeIDE/plugins/com.st.stm32cube.ide.mcu.externaltools.gnu-tools-for-stm32.12.3.rel1.win32_1.1.0.202410251130/tools/bin/../lib/gcc/arm-none-eabi/12.3.1/../../../../arm-none-eabi/lib/thumb/v7e-m+dp/hard/crt0.o (memset)
C:/ST/STM32CubeIDE_1.17.0/STM32CubeIDE/plugins/com.st.stm32cube.ide.mcu.externaltools.gnu-tools-for-stm32.12.3.rel1.win32_1.1.0.202410251130/tools/bin/../lib/gcc/arm-none-eabi/12.3.1/../../../../arm-none-eabi/lib/thumb/v7e-m+dp/hard\libc_nano.a(libc_a-strchr.o)
                              ./Core/Src/app/console.o (strchr)
[...]
Memory Configuration

Name             Origin             Length             Attributes
RAM              0x20000000         0x00080000         xrw
FLASH            0x08000000         0x00200000         xr
*default*        0x00000000         0xffffffff

Linker script and memory map

LOAD C:/ST/STM32CubeIDE_1.17.0/STM32CubeIDE/plugins/com.st.stm32cube.ide.mcu.externaltools.gnu-tools-for-stm32.12.3.rel1.win32_1.1.0.202410251130/tools/bin/../lib/gcc/arm-none-eabi/12.3.1/thumb/v7e-m+dp/hard/crti.o
LOAD C:/ST/STM32CubeIDE_1.17.0/STM32CubeIDE/plugins/com.st.stm32cube.ide.mcu.externaltools.gnu-tools-for-stm32.12.3.rel1.win32_1.1.0.202410251130/tools/bin/../lib/gcc/arm-none-eabi/12.3.1/thumb/v7e-m+dp/hard/crtbegin.o
LOAD C:/ST/STM32CubeIDE_1.17.0/STM32CubeIDE/plugins/com.st.stm32cube.ide.mcu.externaltools.gnu-tools-for-stm32.12.3.rel1.win32_1.1.0.202410251130/tools/bin/../lib/gcc/arm-none-eabi/12.3.1/../../../../arm-none-eabi/lib/thumb/v7e-m+dp/hard/crt0.o
LOAD ./Core/Src/app/can_app.o
LOAD ./Core/Src/app/console.o
LOAD ./Core/Src/app/standby_app.o
LOAD ./Core/Src/dev/btn_dev.o
LOAD ./Core/Src/dev/mcp2515.o
LOAD ./Core/Src/drv/can_drv.o
LOAD ./Core/Src/drv/usart_drv.o
LOAD ./Core/Src/freertos.o
LOAD ./Core/Src/main.o
LOAD ./Core/Src/stm32f7xx_hal_msp.o
LOAD ./Core/Src/stm32f7xx_it.o
LOAD ./Core/Src/syscalls.o
LOAD ./Core/Src/sysmem.o
LOAD ./Core/Src/system_stm32f7xx.o
LOAD ./Core/Src/mng/can_mng.o
LOAD ./Core/Src/peri/can.o
LOAD ./Core/Src/peri/spi.o
LOAD ./Core/Src/peri/usart.o
LOAD ./Core/Startup/startup_stm32f769nihx.o
LOAD ./Drivers/STM32F7xx_HAL_Driver/Src/stm32f7xx_hal.o
LOAD ./Drivers/STM32F7xx_HAL_Driver/Src/stm32f7xx_hal_cortex.o
LOAD ./Drivers/STM32F7xx_HAL_Driver/Src/stm32f7xx_hal_dma.o
LOAD ./Drivers/STM32F7xx_HAL_Driver/Src/stm32f7xx_hal_dma_ex.o
LOAD ./Drivers/STM32F7xx_HAL_Driver/Src/stm32f7xx_hal_exti.o
LOAD ./Drivers/STM32F7xx_HAL_Driver/Src/stm32f7xx_hal_flash.o
LOAD ./Drivers/STM32F7xx_HAL_Driver/Src/stm32f7xx_hal_flash_ex.o
LOAD ./Drivers/STM32F7xx_HAL_Driver/Src/stm32f7xx_hal_gpio.o
LOAD ./Drivers/STM32F7xx_HAL_Driver/Src/stm32f7xx_hal_i2c.o
LOAD ./Drivers/STM32F7xx_HAL_Driver/Src/stm32f7xx_hal_i2c_ex.o
LOAD ./Drivers/STM32F7xx_HAL_Driver/Src/stm32f7xx_hal_pwr.o
LOAD ./Drivers/STM32F7xx_HAL_Driver/Src/stm32f7xx_hal_pwr_ex.o
LOAD ./Drivers/STM32F7xx_HAL_Driver/Src/stm32f7xx_hal_rcc.o
LOAD ./Drivers/STM32F7xx_HAL_Driver/Src/stm32f7xx_hal_rcc_ex.o
LOAD ./Drivers/STM32F7xx_HAL_Driver/Src/stm32f7xx_hal_spi.o
LOAD ./Drivers/STM32F7xx_HAL_Driver/Src/stm32f7xx_hal_spi_ex.o
LOAD ./Drivers/STM32F7xx_HAL_Driver/Src/stm32f7xx_hal_uart.o
LOAD ./Drivers/STM32F7xx_HAL_Driver/Src/stm32f7xx_hal_uart_ex.o
LOAD ./Middlewares/Third_Party/FreeRTOS/Source/CMSIS_RTOS/cmsis_os.o
LOAD ./Middlewares/Third_Party/FreeRTOS/Source/croutine.o
LOAD ./Middlewares/Third_Party/FreeRTOS/Source/event_groups.o
LOAD ./Middlewares/Third_Party/FreeRTOS/Source/list.o
LOAD ./Middlewares/Third_Party/FreeRTOS/Source/queue.o
LOAD ./Middlewares/Third_Party/FreeRTOS/Source/stream_buffer.o
LOAD ./Middlewares/Third_Party/FreeRTOS/Source/tasks.o
LOAD ./Middlewares/Third_Party/FreeRTOS/Source/timers.o
LOAD ./Middlewares/Third_Party/FreeRTOS/Source/portable/GCC/ARM_CM7/r0p1/port.o
LOAD ./Middlewares/Third_Party/FreeRTOS/Source/portable/MemMang/heap_4.o
START GROUP
LOAD C:/ST/STM32CubeIDE_1.17.0/STM32CubeIDE/plugins/com.st.stm32cube.ide.mcu.externaltools.gnu-tools-for-stm32.12.3.rel1.win32_1.1.0.202410251130/tools/bin/../lib/gcc/arm-none-eabi/12.3.1/../../../../arm-none-eabi/lib/thumb/v7e-m+dp/hard\libc_nano.a
LOAD C:/ST/STM32CubeIDE_1.17.0/STM32CubeIDE/plugins/com.st.stm32cube.ide.mcu.externaltools.gnu-tools-for-stm32.12.3.rel1.win32_1.1.0.202410251130/tools/bin/../lib/gcc/arm-none-eabi/12.3.1/../../../../arm-none-eabi/lib/thumb/v7e-m+dp/hard\libm.a
END GROUP
START GROUP
LOAD C:/ST/STM32CubeIDE_1.17.0/STM32CubeIDE/plugins/com.st.stm32cube.ide.mcu.externaltools.gnu-tools-for-stm32.12.3.rel1.win32_1.1.0.202410251130/tools/bin/../lib/gcc/arm-none-eabi/12.3.1/thumb/v7e-m+dp/hard\libgcc.a
LOAD C:/ST/STM32CubeIDE_1.17.0/STM32CubeIDE/plugins/com.st.stm32cube.ide.mcu.externaltools.gnu-tools-for-stm32.12.3.rel1.win32_1.1.0.202410251130/tools/bin/../lib/gcc/arm-none-eabi/12.3.1/../../../../arm-none-eabi/lib/thumb/v7e-m+dp/hard\libc_nano.a
END GROUP
START GROUP
LOAD C:/ST/STM32CubeIDE_1.17.0/STM32CubeIDE/plugins/com.st.stm32cube.ide.mcu.externaltools.gnu-tools-for-stm32.12.3.rel1.win32_1.1.0.202410251130/tools/bin/../lib/gcc/arm-none-eabi/12.3.1/thumb/v7e-m+dp/hard\libgcc.a
LOAD C:/ST/STM32CubeIDE_1.17.0/STM32CubeIDE/plugins/com.st.stm32cube.ide.mcu.externaltools.gnu-tools-for-stm32.12.3.rel1.win32_1.1.0.202410251130/tools/bin/../lib/gcc/arm-none-eabi/12.3.1/../../../../arm-none-eabi/lib/thumb/v7e-m+dp/hard\libc_nano.a
LOAD C:/ST/STM32CubeIDE_1.17.0/STM32CubeIDE/plugins/com.st.stm32cube.ide.mcu.externaltools.gnu-tools-for-stm32.12.3.rel1.win32_1.1.0.202410251130/tools/bin/../lib/gcc/arm-none-eabi/12.3.1/../../../../arm-none-eabi/lib/thumb/v7e-m+dp/hard\libnosys.a
END GROUP
START GROUP
LOAD C:/ST/STM32CubeIDE_1.17.0/STM32CubeIDE/plugins/com.st.stm32cube.ide.mcu.externaltools.gnu-tools-for-stm32.12.3.rel1.win32_1.1.0.202410251130/tools/bin/../lib/gcc/arm-none-eabi/12.3.1/thumb/v7e-m+dp/hard\libgcc.a
LOAD C:/ST/STM32CubeIDE_1.17.0/STM32CubeIDE/plugins/com.st.stm32cube.ide.mcu.externaltools.gnu-tools-for-stm32.12.3.rel1.win32_1.1.0.202410251130/tools/bin/../lib/gcc/arm-none-eabi/12.3.1/../../../../arm-none-eabi/lib/thumb/v7e-m+dp/hard\libc_nano.a
LOAD C:/ST/STM32CubeIDE_1.17.0/STM32CubeIDE/plugins/com.st.stm32cube.ide.mcu.externaltools.gnu-tools-for-stm32.12.3.rel1.win32_1.1.0.202410251130/tools/bin/../lib/gcc/arm-none-eabi/12.3.1/../../../../arm-none-eabi/lib/thumb/v7e-m+dp/hard\libnosys.a
END GROUP
LOAD C:/ST/STM32CubeIDE_1.17.0/STM32CubeIDE/plugins/com.st.stm32cube.ide.mcu.externaltools.gnu-tools-for-stm32.12.3.rel1.win32_1.1.0.202410251130/tools/bin/../lib/gcc/arm-none-eabi/12.3.1/thumb/v7e-m+dp/hard/crtend.o
LOAD C:/ST/STM32CubeIDE_1.17.0/STM32CubeIDE/plugins/com.st.stm32cube.ide.mcu.externaltools.gnu-tools-for-stm32.12.3.rel1.win32_1.1.0.202410251130/tools/bin/../lib/gcc/arm-none-eabi/12.3.1/thumb/v7e-m+dp/hard/crtn.o
                0x20080000                        _estack = (ORIGIN (RAM) + LENGTH (RAM))
                0x00000200                        _Min_Heap_Size = 0x200
                0x00000400                        _Min_Stack_Size = 0x400

.isr_vector     0x08000000      0x1f8
                0x08000000                        . = ALIGN (0x4)
 *(.isr_vector)
 .isr_vector    0x08000000      0x1f8 ./Core/Startup/startup_stm32f769nihx.o
                0x08000000                g_pfnVectors
                0x080001f8                        . = ALIGN (0x4)

.text           0x08000200     0xad30
                0x08000200                        . = ALIGN (0x4)
 *(.text)
 .text          0x08000200       0x40 C:/ST/STM32CubeIDE_1.17.0/STM32CubeIDE/plugins/com.st.stm32cube.ide.mcu.externaltools.gnu-tools-for-stm32.12.3.rel1.win32_1.1.0.202410251130/tools/bin/../lib/gcc/arm-none-eabi/12.3.1/thumb/v7e-m+dp/hard/crtbegin.o
 .text          0x08000240       0x10 C:/ST/STM32CubeIDE_1.17.0/STM32CubeIDE/plugins/com.st.stm32cube.ide.mcu.externaltools.gnu-tools-for-stm32.12.3.rel1.win32_1.1.0.202410251130/tools/bin/../lib/gcc/arm-none-eabi/12.3.1/../../../../arm-none-eabi/lib/thumb/v7e-m+dp/hard\libc_nano.a(libc_a-strlen.o)
                0x08000240                strlen
 .text          0x08000250       0x30 C:/ST/STM32CubeIDE_1.17.0/STM32CubeIDE/plugins/com.st.stm32cube.ide.mcu.externaltools.gnu-tools-for-stm32.12.3.rel1.win32_1.1.0.202410251130/tools/bin/../lib/gcc/arm-none-eabi/12.3.1/thumb/v7e-m+dp/hard\libgcc.a(_aeabi_uldivmod.o)
                0x08000250                __aeabi_uldivmod
 .text          0x08000280      0x2bc C:/ST/STM32CubeIDE_1.17.0/STM32CubeIDE/plugins/com.st.stm32cube.ide.mcu.externaltools.gnu-tools-for-stm32.12.3.rel1.win32_1.1.0.202410251130/tools/bin/../lib/gcc/arm-none-eabi/12.3.1/thumb/v7e-m+dp/hard\libgcc.a(_udivmoddi4.o)
                0x08000280                __udivmoddi4
 .text          0x0800053c        0x4 C:/ST/STM32CubeIDE_1.17.0/STM32CubeIDE/plugins/com.st.stm32cube.ide.mcu.externaltools.gnu-tools-for-stm32.12.3.rel1.win32_1.1.0.202410251130/tools/bin/../lib/gcc/arm-none-eabi/12.3.1/thumb/v7e-m+dp/hard\libgcc.a(_dvmd_tls.o)
                0x0800053c                __aeabi_idiv0
                0x0800053c                __aeabi_ldiv0
 *(.text*)
 .text.recv_frame1_callback
                0x08000540       0x6c ./Core/Src/app/can_app.o
 .text.recv_frame2_callback
                0x080005ac       0x6c ./Core/Src/app/can_app.o
 .text.recv_frame3_callback
                0x08000618       0x6c ./Core/Src/app/can_app.o
 .text.recv_frame4_callback
                0x08000684       0x6c ./Core/Src/app/can_app.o
 .text.recv_frame5_callback
                0x080006f0       0x6c ./Core/Src/app/can_app.o
 .text.can_app_init
                0x0800075c       0x44 ./Core/Src/app/can_app.o
                0x0800075c                can_app_init
 .text.set_sig1_7
                0x080007a0       0x2a ./Core/Src/app/can_app.o
                0x080007a0                set_sig1_7
 .text.set_sig1_6
                0x080007ca       0x2a ./Core/Src/app/can_app.o
                0x080007ca                set_sig1_6
 .text.set_sig1_5
                0x080007f4       0x2a ./Core/Src/app/can_app.o
                0x080007f4                set_sig1_5
 .text.set_sig1_4
                0x0800081e       0x2a ./Core/Src/app/can_app.o
                0x0800081e                set_sig1_4
 .text.set_sig1_3
                0x08000848       0x2a ./Core/Src/app/can_app.o
                0x08000848                set_sig1_3
 .text.set_sig1_2
                0x08000872       0x2a ./Core/Src/app/can_app.o
                0x08000872                set_sig1_2
 .text.set_sig1_1
                0x0800089c       0x2a ./Core/Src/app/can_app.o
                0x0800089c                set_sig1_1
 .text.set_sig1_0
                0x080008c6       0x28 ./Core/Src/app/can_app.o
                0x080008c6                set_sig1_0
 .text.set_sig2_3
                0x080008ee       0x3a ./Core/Src/app/can_app.o
                0x080008ee                set_sig2_3
 .text.set_sig2_2
                0x08000928       0x3a ./Core/Src/app/can_app.o
                0x08000928                set_sig2_2
 .text.set_sig2_1
                0x08000962       0x3a ./Core/Src/app/can_app.o
                0x08000962                set_sig2_1
 .text.set_sig2_0
                0x0800099c       0x38 ./Core/Src/app/can_app.o
                0x0800099c                set_sig2_0
 .text.set_sig3_1
                0x080009d4       0x4e ./Core/Src/app/can_app.o
                0x080009d4                set_sig3_1
 .text.set_sig3_0
                0x08000a22       0x4c ./Core/Src/app/can_app.o
                0x08000a22                set_sig3_0
 *fill*         0x08000a6e        0x2 
 .text.cmd_set_frame_1
                0x08000a70       0x74 ./Core/Src/app/can_app.o
 .text.cmd_set_frame_2
                0x08000ae4       0x64 ./Core/Src/app/can_app.o
 .text.cmd_set_frame_3
                0x08000b48       0x64 ./Core/Src/app/can_app.o
 .text.cmd_active
                0x08000bac       0x16 ./Core/Src/app/can_app.o
 *fill*         0x08000bc2        0x2 
 .text.can_app_set_cmd
                0x08000bc4       0x70 ./Core/Src/app/can_app.o
                0x08000bc4                can_app_set_cmd
 .text.find_str
                0x08000c34       0x38 ./Core/Src/app/console.o
                0x08000c34                find_str
 .text.ts_itoa  0x08000c6c       0x94 ./Core/Src/app/console.o
                0x08000c6c                ts_itoa
 .text.ts_formatlength
                0x08000d00      0x12c ./Core/Src/app/console.o
 .text.ts_formatstring
                0x08000e2c      0x1ac ./Core/Src/app/console.o
                0x08000e2c                ts_formatstring
 .text.console_recv
                0x08000fd8       0x2a ./Core/Src/app/console.o
 *fill*         0x08001002        0x2 
 .text.console_analysis
                0x08001004      0x1c4 ./Core/Src/app/console.o
 .text.StartConsoleSend
                0x080011c8       0x74 ./Core/Src/app/console.o
                0x080011c8                StartConsoleSend
 .text.StartConsoleRecv
                0x0800123c       0x54 ./Core/Src/app/console.o
                0x0800123c                StartConsoleRecv
 .text.console_init
                0x08001290       0xa4 ./Core/Src/app/console.o
                0x08001290                console_init
 .text.console_printf
                0x08001334       0x74 ./Core/Src/app/console.o
                0x08001334                console_printf
 .text.console_set_command
                0x080013a8       0x78 ./Core/Src/app/console.o
                0x080013a8                console_set_command
 .text.user_btn_callback
                0x08001420       0x2c ./Core/Src/app/standby_app.o
                0x08001420                user_btn_callback
 .text.go_standby
                0x0800144c       0x4c ./Core/Src/app/standby_app.o
 .text.StandbyTask
                0x08001498       0x60 ./Core/Src/app/standby_app.o
                0x08001498                StandbyTask
 .text.standby_app_init
                0x080014f8       0x58 ./Core/Src/app/standby_app.o
                0x080014f8                standby_app_init
 .text.callback_timer
                0x08001550       0x24 ./Core/Src/dev/btn_dev.o
 .text.btn_dev_check
                0x08001574      0x118 ./Core/Src/dev/btn_dev.o
 .text.BtnTask  0x0800168c       0x60 ./Core/Src/dev/btn_dev.o
                0x0800168c                BtnTask
 .text.btn_dev_init
                0x080016ec       0xa4 ./Core/Src/dev/btn_dev.o
                0x080016ec                btn_dev_init
 .text.BTN_dev_reg_callback
                0x08001790       0x48 ./Core/Src/dev/btn_dev.o
                0x08001790                BTN_dev_reg_callback
 .text.can_spi_send_rcv
                0x080017d8       0x4e ./Core/Src/dev/mcp2515.o
 .text.reset    0x08001826       0x28 ./Core/Src/dev/mcp2515.o
 .text.read_reg
                0x0800184e       0x3e ./Core/Src/dev/mcp2515.o
 .text.write_reg
                0x0800188c       0x38 ./Core/Src/dev/mcp2515.o
 .text.modify_bit
                0x080018c4       0x80 ./Core/Src/dev/mcp2515.o
 .text.read_status
                0x08001944       0x36 ./Core/Src/dev/mcp2515.o
 .text.read_rxstatus
                0x0800197a       0x36 ./Core/Src/dev/mcp2515.o
 .text.wait_sts
                0x080019b0       0x72 ./Core/Src/dev/mcp2515.o
 .text.set_txb  0x08001a22      0x136 ./Core/Src/dev/mcp2515.o
 .text.set_mask
                0x08001b58       0xda ./Core/Src/dev/mcp2515.o
 .text.set_filter_0
                0x08001c32      0x154 ./Core/Src/dev/mcp2515.o
 .text.set_filter_1
                0x08001d86      0x21a ./Core/Src/dev/mcp2515.o
 .text.set_rx_info
                0x08001fa0       0x4c ./Core/Src/dev/mcp2515.o
 .text.get_free_tx_buf
                0x08001fec       0x5a ./Core/Src/dev/mcp2515.o
 .text.tx_abort
                0x08002046       0xa4 ./Core/Src/dev/mcp2515.o
 .text.check_rx_data
                0x080020ea       0x58 ./Core/Src/dev/mcp2515.o
 .text.clr_rx_flag
                0x08002142       0x5e ./Core/Src/dev/mcp2515.o
 .text.get_rx_data
                0x080021a0       0xe6 ./Core/Src/dev/mcp2515.o
 *fill*         0x08002286        0x2 
 .text.check_wkup
                0x08002288       0x58 ./Core/Src/dev/mcp2515.o
 .text.mcpl2515_set_bitrate
                0x080022e0      0x190 ./Core/Src/dev/mcp2515.o
 .text.mcp2515_dev_init
                0x08002470       0x40 ./Core/Src/dev/mcp2515.o
                0x08002470                mcp2515_dev_init
 .text.mcp2515_dev_open
                0x080024b0       0xd0 ./Core/Src/dev/mcp2515.o
                0x080024b0                mcp2515_dev_open
 .text.mcp2515_dev_set_mailbox
                0x08002580       0x78 ./Core/Src/dev/mcp2515.o
                0x08002580                mcp2515_dev_set_mailbox
 .text.mcp2515_dev_start
                0x080025f8       0x58 ./Core/Src/dev/mcp2515.o
                0x080025f8                mcp2515_dev_start
 .text.mcp2515_dev_stop
                0x08002650       0x98 ./Core/Src/dev/mcp2515.o
                0x08002650                mcp2515_dev_stop
 .text.mcp2515_dev_sleep
                0x080026e8       0xb4 ./Core/Src/dev/mcp2515.o
                0x080026e8                mcp2515_dev_sleep
 .text.mcp2515_dev_send
                0x0800279c      0x184 ./Core/Src/dev/mcp2515.o
                0x0800279c                mcp2515_dev_send
 .text.mcp2515_dev_rx_check
                0x08002920       0x80 ./Core/Src/dev/mcp2515.o
                0x08002920                mcp2515_dev_rx_check
 .text.mcp2515_dev_get_rx_data
                0x080029a0       0x9c ./Core/Src/dev/mcp2515.o
                0x080029a0                mcp2515_dev_get_rx_data
 .text.mcp2515_dev_get_status
                0x08002a3c       0xa4 ./Core/Src/dev/mcp2515.o
                0x08002a3c                mcp2515_dev_get_status
 .text.mcp2515_cmd_open
                0x08002ae0       0x30 ./Core/Src/dev/mcp2515.o
 .text.mcp2515_cmd_read_reg
                0x08002b10       0x6c ./Core/Src/dev/mcp2515.o
 .text.mcp2515_cmd_read_status
                0x08002b7c       0x44 ./Core/Src/dev/mcp2515.o
 .text.mcp2515_cmd_write_reg
                0x08002bc0       0x78 ./Core/Src/dev/mcp2515.o
 .text.mcp2515_cmd_change_bit
                0x08002c38       0x8c ./Core/Src/dev/mcp2515.o
 .text.mcp2515_cmd_start
                0x08002cc4       0x30 ./Core/Src/dev/mcp2515.o
 .text.mcp2515_cmd_send
                0x08002cf4       0x90 ./Core/Src/dev/mcp2515.o
 .text.mcp2515_set_cmd
                0x08002d84       0xb8 ./Core/Src/dev/mcp2515.o
                0x08002d84                mcp2515_set_cmd
 .text.can_drv_init
                0x08002e3c       0x48 ./Core/Src/drv/can_drv.o
                0x08002e3c                can_drv_init
 .text.can_drv_open
                0x08002e84       0x84 ./Core/Src/drv/can_drv.o
                0x08002e84                can_drv_open
 .text.can_drv_set_mailbox
                0x08002f08       0x80 ./Core/Src/drv/can_drv.o
                0x08002f08                can_drv_set_mailbox
 .text.can_drv_start
                0x08002f88       0x80 ./Core/Src/drv/can_drv.o
                0x08002f88                can_drv_start
 .text.can_drv_stop
                0x08003008       0x80 ./Core/Src/drv/can_drv.o
                0x08003008                can_drv_stop
 .text.can_drv_sleep
                0x08003088       0x7c ./Core/Src/drv/can_drv.o
                0x08003088                can_drv_sleep
 .text.can_drv_send
                0x08003104       0xa4 ./Core/Src/drv/can_drv.o
                0x08003104                can_drv_send
 .text.can_drv_rx_check
                0x080031a8       0x84 ./Core/Src/drv/can_drv.o
                0x080031a8                can_drv_rx_check
 .text.can_drv_recv
                0x0800322c       0xa0 ./Core/Src/drv/can_drv.o
                0x0800322c                can_drv_recv
 .text.can_drv_get_status
                0x080032cc       0x84 ./Core/Src/drv/can_drv.o
                0x080032cc                can_drv_get_status
 .text.usart_recv_callback
                0x08003350       0x2c ./Core/Src/drv/usart_drv.o
                0x08003350                usart_recv_callback
 .text.usart_send_callback
                0x0800337c       0x2c ./Core/Src/drv/usart_drv.o
                0x0800337c                usart_send_callback
 .text.usart_err_callback
                0x080033a8       0x1c ./Core/Src/drv/usart_drv.o
                0x080033a8                usart_err_callback
 .text.usart_drv_init
                0x080033c4       0x4c ./Core/Src/drv/usart_drv.o
                0x080033c4                usart_drv_init
 .text.usart_drv_open
                0x08003410       0x88 ./Core/Src/drv/usart_drv.o
                0x08003410                usart_drv_open
 .text.usart_drv_send
                0x08003498       0xe0 ./Core/Src/drv/usart_drv.o
                0x08003498                usart_drv_send
 .text.usart_drv_recv
                0x08003578       0xe0 ./Core/Src/drv/usart_drv.o
                0x08003578                usart_drv_recv
 .text.vApplicationGetIdleTaskMemory
                0x08003658       0x34 ./Core/Src/freertos.o
                0x08003658                vApplicationGetIdleTaskMemory
 .text.vApplicationGetTimerTaskMemory
                0x0800368c       0x34 ./Core/Src/freertos.o
                0x0800368c                vApplicationGetTimerTaskMemory
 .text.main     0x080036c0       0xa4 ./Core/Src/main.o
                0x080036c0                main
 .text.SystemClock_Config
                0x08003764       0xdc ./Core/Src/main.o
                0x08003764                SystemClock_Config
 .text.MX_SPI1_Init
                0x08003840       0x7c ./Core/Src/main.o
 .text.MX_SPI2_Init
                0x080038bc       0x7c ./Core/Src/main.o
 .text.MX_USART1_UART_Init
                0x08003938       0x60 ./Core/Src/main.o
 .text.MX_USART2_UART_Init
                0x08003998       0x60 ./Core/Src/main.o
 .text.MX_GPIO_Init
                0x080039f8       0xb0 ./Core/Src/main.o
 .text.StartDefaultTask
                0x08003aa8       0x10 ./Core/Src/main.o
                0x08003aa8                StartDefaultTask
 .text.MPU_Config
                0x08003ab8       0x58 ./Core/Src/main.o
 .text.Error_Handler
                0x08003b10        0xc ./Core/Src/main.o
                0x08003b10                Error_Handler
 .text.HAL_MspInit
                0x08003b1c       0x50 ./Core/Src/stm32f7xx_hal_msp.o
                0x08003b1c                HAL_MspInit
 .text.HAL_SPI_MspInit
                0x08003b6c      0x128 ./Core/Src/stm32f7xx_hal_msp.o
                0x08003b6c                HAL_SPI_MspInit
 .text.HAL_UART_MspInit
                0x08003c94      0x148 ./Core/Src/stm32f7xx_hal_msp.o
                0x08003c94                HAL_UART_MspInit
 .text.NMI_Handler
                0x08003ddc        0x8 ./Core/Src/stm32f7xx_it.o
                0x08003ddc                NMI_Handler
 .text.HardFault_Handler
                0x08003de4        0x8 ./Core/Src/stm32f7xx_it.o
                0x08003de4                HardFault_Handler
 .text.MemManage_Handler
                0x08003dec        0x8 ./Core/Src/stm32f7xx_it.o
                0x08003dec                MemManage_Handler
 .text.BusFault_Handler
                0x08003df4        0x8 ./Core/Src/stm32f7xx_it.o
                0x08003df4                BusFault_Handler
 .text.UsageFault_Handler
                0x08003dfc        0x8 ./Core/Src/stm32f7xx_it.o
                0x08003dfc                UsageFault_Handler
 .text.DebugMon_Handler
                0x08003e04        0xe ./Core/Src/stm32f7xx_it.o
                0x08003e04                DebugMon_Handler
 .text.SysTick_Handler
                0x08003e12       0x1a ./Core/Src/stm32f7xx_it.o
                0x08003e12                SysTick_Handler
 .text.SystemInit
                0x08003e2c       0x24 ./Core/Src/system_stm32f7xx.o
                0x08003e2c                SystemInit
 .text.callback_timer
                0x08003e50       0x24 ./Core/Src/mng/can_mng.o
 .text.mbox_rx_proc
                0x08003e74       0xfc ./Core/Src/mng/can_mng.o
 .text.recv_func
                0x08003f70       0x56 ./Core/Src/mng/can_mng.o
 *fill*         0x08003fc6        0x2 
 .text.send_func
                0x08003fc8       0xc4 ./Core/Src/mng/can_mng.o
 .text.sts_update
                0x0800408c       0xc4 ./Core/Src/mng/can_mng.o
 .text.periodic_func
                0x08004150       0x2c ./Core/Src/mng/can_mng.o
 .text.active_func
                0x0800417c       0xa8 ./Core/Src/mng/can_mng.o
 .text.inactive_func
                0x08004224       0x4c ./Core/Src/mng/can_mng.o
 .text.sleep_func
                0x08004270       0x88 ./Core/Src/mng/can_mng.o
 .text.CanMngTask
                0x080042f8       0x58 ./Core/Src/mng/can_mng.o
 .text.can_mng_init
                0x08004350       0x64 ./Core/Src/mng/can_mng.o
                0x08004350                can_mng_init
 .text.can_mng_active
                0x080043b4       0x24 ./Core/Src/mng/can_mng.o
                0x080043b4                can_mng_active
 .text.can_mng_sleep
                0x080043d8       0x54 ./Core/Src/mng/can_mng.o
                0x080043d8                can_mng_sleep
 .text.can_mng_get_send_data
                0x0800442c       0x38 ./Core/Src/mng/can_mng.o
                0x0800442c                can_mng_get_send_data
 .text.can_mng_reg_recv_callback
                0x08004464       0x3c ./Core/Src/mng/can_mng.o
                0x08004464                can_mng_reg_recv_callback
 .text.can_open
                0x080044a0       0x1a ./Core/Src/peri/can.o
                0x080044a0                can_open
 .text.can_set_mailbox
                0x080044ba       0x1a ./Core/Src/peri/can.o
                0x080044ba                can_set_mailbox
 .text.can_start
                0x080044d4       0x18 ./Core/Src/peri/can.o
                0x080044d4                can_start
 .text.can_stop
                0x080044ec       0x18 ./Core/Src/peri/can.o
                0x080044ec                can_stop
 .text.can_sleep
                0x08004504       0x18 ./Core/Src/peri/can.o
                0x08004504                can_sleep
 .text.can_send
                0x0800451c       0x20 ./Core/Src/peri/can.o
                0x0800451c                can_send
 .text.can_rx_check
                0x0800453c       0x1a ./Core/Src/peri/can.o
                0x0800453c                can_rx_check
 .text.can_recv
                0x08004556       0x1e ./Core/Src/peri/can.o
                0x08004556                can_recv
 .text.can_get_status
                0x08004574       0x1a ./Core/Src/peri/can.o
                0x08004574                can_get_status
 *fill*         0x0800458e        0x2 
 .text.spi_common_handler
                0x08004590      0x140 ./Core/Src/peri/spi.o
                0x08004590                spi_common_handler
 .text.SPI2_IRQHandler
                0x080046d0        0xe ./Core/Src/peri/spi.o
                0x080046d0                SPI2_IRQHandler
 *fill*         0x080046de        0x2 
 .text.calc_br  0x080046e0       0x5c ./Core/Src/peri/spi.o
 .text.spi_config
                0x0800473c      0x130 ./Core/Src/peri/spi.o
 .text.spi_enable
                0x0800486c       0x20 ./Core/Src/peri/spi.o
 .text.spi_disable
                0x0800488c       0x4a ./Core/Src/peri/spi.o
 *fill*         0x080048d6        0x2 
 .text.spi_init
                0x080048d8       0x48 ./Core/Src/peri/spi.o
                0x080048d8                spi_init
 .text.spi_open
                0x08004920       0x70 ./Core/Src/peri/spi.o
                0x08004920                spi_open
 .text.spi_send_recv
                0x08004990      0x10c ./Core/Src/peri/spi.o
                0x08004990                spi_send_recv
 .text.spi_nss_on
                0x08004a9c       0x68 ./Core/Src/peri/spi.o
                0x08004a9c                spi_nss_on
 .text.spi_nss_off
                0x08004b04       0x68 ./Core/Src/peri/spi.o
                0x08004b04                spi_nss_off
 .text.usart_common_handler
                0x08004b6c      0x148 ./Core/Src/peri/usart.o
                0x08004b6c                usart_common_handler
 .text.USART1_IRQHandler
                0x08004cb4        0xe ./Core/Src/peri/usart.o
                0x08004cb4                USART1_IRQHandler
 .text.USART2_IRQHandler
                0x08004cc2        0xe ./Core/Src/peri/usart.o
                0x08004cc2                USART2_IRQHandler
 .text.usart_config
                0x08004cd0      0x10c ./Core/Src/peri/usart.o
                0x08004cd0                usart_config
 .text.usart_init
                0x08004ddc       0x48 ./Core/Src/peri/usart.o
                0x08004ddc                usart_init
 .text.usart_open
                0x08004e24       0x8c ./Core/Src/peri/usart.o
                0x08004e24                usart_open
 .text.usart_send
                0x08004eb0       0xd8 ./Core/Src/peri/usart.o
                0x08004eb0                usart_send
 .text.usart_recv
                0x08004f88       0xbc ./Core/Src/peri/usart.o
                0x08004f88                usart_recv
 .text.Reset_Handler
                0x08005044       0x50 ./Core/Startup/startup_stm32f769nihx.o
                0x08005044                Reset_Handler
 .text.Default_Handler
                0x08005094        0x2 ./Core/Startup/startup_stm32f769nihx.o
                0x08005094                RTC_Alarm_IRQHandler
                0x08005094                EXTI2_IRQHandler
                0x08005094                TIM8_CC_IRQHandler
                0x08005094                UART8_IRQHandler
                0x08005094                SPI4_IRQHandler
                0x08005094                TIM1_CC_IRQHandler
                0x08005094                DMA2_Stream5_IRQHandler
                0x08005094                JPEG_IRQHandler
                0x08005094                DMA1_Stream5_IRQHandler
                0x08005094                CAN3_RX1_IRQHandler
                0x08005094                PVD_IRQHandler
                0x08005094                TAMP_STAMP_IRQHandler
                0x08005094                CAN2_RX1_IRQHandler
                0x08005094                EXTI3_IRQHandler
                0x08005094                TIM8_TRG_COM_TIM14_IRQHandler
                0x08005094                DFSDM1_FLT1_IRQHandler
                0x08005094                TIM1_UP_TIM10_IRQHandler
                0x08005094                TIM8_UP_TIM13_IRQHandler
                0x08005094                I2C3_ER_IRQHandler
                0x08005094                DFSDM1_FLT2_IRQHandler
                0x08005094                EXTI0_IRQHandler
                0x08005094                I2C2_EV_IRQHandler
                0x08005094                DMA1_Stream2_IRQHandler
                0x08005094                CAN1_RX0_IRQHandler
                0x08005094                FPU_IRQHandler
                0x08005094                OTG_HS_WKUP_IRQHandler
                0x08005094                CAN3_SCE_IRQHandler
                0x08005094                LTDC_ER_IRQHandler
                0x08005094                CAN2_SCE_IRQHandler
                0x08005094                DMA2_Stream2_IRQHandler
                0x08005094                SPI1_IRQHandler
                0x08005094                TIM6_DAC_IRQHandler
                0x08005094                TIM1_BRK_TIM9_IRQHandler
                0x08005094                DCMI_IRQHandler
                0x08005094                CAN2_RX0_IRQHandler
                0x08005094                DMA2_Stream3_IRQHandler
                0x08005094                SAI2_IRQHandler
                0x08005094                DFSDM1_FLT3_IRQHandler
                0x08005094                USART6_IRQHandler
                0x08005094                CAN3_RX0_IRQHandler
                0x08005094                USART3_IRQHandler
                0x08005094                CAN1_RX1_IRQHandler
                0x08005094                UART5_IRQHandler
                0x08005094                DMA2_Stream0_IRQHandler
                0x08005094                TIM4_IRQHandler
                0x08005094                QUADSPI_IRQHandler
                0x08005094                I2C1_EV_IRQHandler
                0x08005094                DMA1_Stream6_IRQHandler
                0x08005094                DMA1_Stream1_IRQHandler
                0x08005094                UART4_IRQHandler
                0x08005094                TIM3_IRQHandler
                0x08005094                RCC_IRQHandler
                0x08005094                TIM8_BRK_TIM12_IRQHandler
                0x08005094                Default_Handler
                0x08005094                CEC_IRQHandler
                0x08005094                EXTI15_10_IRQHandler
                0x08005094                ADC_IRQHandler
                0x08005094                DMA1_Stream7_IRQHandler
                0x08005094                SPI5_IRQHandler
                0x08005094                TIM7_IRQHandler
                0x08005094                SDMMC1_IRQHandler
                0x08005094                CAN2_TX_IRQHandler
                0x08005094                TIM5_IRQHandler
                0x08005094                DMA2_Stream7_IRQHandler
                0x08005094                I2C3_EV_IRQHandler
                0x08005094                EXTI9_5_IRQHandler
                0x08005094                RTC_WKUP_IRQHandler
                0x08005094                LTDC_IRQHandler
                0x08005094                ETH_WKUP_IRQHandler
                0x08005094                SPDIF_RX_IRQHandler
                0x08005094                OTG_HS_EP1_IN_IRQHandler
                0x08005094                DMA1_Stream0_IRQHandler
                0x08005094                CAN1_TX_IRQHandler
                0x08005094                EXTI4_IRQHandler
                0x08005094                RNG_IRQHandler
                0x08005094                DSI_IRQHandler
                0x08005094                ETH_IRQHandler
                0x08005094                OTG_HS_EP1_OUT_IRQHandler
                0x08005094                WWDG_IRQHandler
                0x08005094                SPI6_IRQHandler
                0x08005094                MDIOS_IRQHandler
                0x08005094                I2C4_EV_IRQHandler
                0x08005094                CAN3_TX_IRQHandler
                0x08005094                TIM2_IRQHandler
                0x08005094                OTG_FS_WKUP_IRQHandler
                0x08005094                TIM1_TRG_COM_TIM11_IRQHandler
                0x08005094                OTG_HS_IRQHandler
                0x08005094                DMA2D_IRQHandler
                0x08005094                EXTI1_IRQHandler
                0x08005094                SDMMC2_IRQHandler
                0x08005094                UART7_IRQHandler
                0x08005094                DFSDM1_FLT0_IRQHandler
                0x08005094                I2C2_ER_IRQHandler
                0x08005094                DMA2_Stream1_IRQHandler
                0x08005094                CAN1_SCE_IRQHandler
                0x08005094                FLASH_IRQHandler
                0x08005094                DMA2_Stream4_IRQHandler
                0x08005094                OTG_FS_IRQHandler
                0x08005094                SPI3_IRQHandler
                0x08005094                DMA1_Stream4_IRQHandler
                0x08005094                I2C1_ER_IRQHandler
                0x08005094                FMC_IRQHandler
                0x08005094                LPTIM1_IRQHandler
                0x08005094                I2C4_ER_IRQHandler
                0x08005094                DMA2_Stream6_IRQHandler
                0x08005094                SAI1_IRQHandler
                0x08005094                DMA1_Stream3_IRQHandler
 .text.HAL_Init
                0x08005096       0x1a ./Drivers/STM32F7xx_HAL_Driver/Src/stm32f7xx_hal.o
                0x08005096                HAL_Init
 .text.HAL_InitTick
                0x080050b0       0x60 ./Drivers/STM32F7xx_HAL_Driver/Src/stm32f7xx_hal.o
                0x080050b0                HAL_InitTick
 .text.HAL_IncTick
                0x08005110       0x28 ./Drivers/STM32F7xx_HAL_Driver/Src/stm32f7xx_hal.o
                0x08005110                HAL_IncTick
 .text.HAL_GetTick
                0x08005138       0x18 ./Drivers/STM32F7xx_HAL_Driver/Src/stm32f7xx_hal.o
                0x08005138                HAL_GetTick
 .text.__NVIC_SetPriorityGrouping
                0x08005150       0x48 ./Drivers/STM32F7xx_HAL_Driver/Src/stm32f7xx_hal_cortex.o
 .text.__NVIC_GetPriorityGrouping
                0x08005198       0x1c ./Drivers/STM32F7xx_HAL_Driver/Src/stm32f7xx_hal_cortex.o
 .text.__NVIC_EnableIRQ
                0x080051b4       0x3c ./Drivers/STM32F7xx_HAL_Driver/Src/stm32f7xx_hal_cortex.o
 .text.__NVIC_SetPriority
                0x080051f0       0x54 ./Drivers/STM32F7xx_HAL_Driver/Src/stm32f7xx_hal_cortex.o
 .text.NVIC_EncodePriority
                0x08005244       0x66 ./Drivers/STM32F7xx_HAL_Driver/Src/stm32f7xx_hal_cortex.o
 *fill*         0x080052aa        0x2 
 .text.SysTick_Config
                0x080052ac       0x44 ./Drivers/STM32F7xx_HAL_Driver/Src/stm32f7xx_hal_cortex.o
 .text.HAL_NVIC_SetPriorityGrouping
                0x080052f0       0x16 ./Drivers/STM32F7xx_HAL_Driver/Src/stm32f7xx_hal_cortex.o
                0x080052f0                HAL_NVIC_SetPriorityGrouping
 .text.HAL_NVIC_SetPriority
                0x08005306       0x38 ./Drivers/STM32F7xx_HAL_Driver/Src/stm32f7xx_hal_cortex.o
                0x08005306                HAL_NVIC_SetPriority
 .text.HAL_NVIC_EnableIRQ
                0x0800533e       0x1c ./Drivers/STM32F7xx_HAL_Driver/Src/stm32f7xx_hal_cortex.o
                0x0800533e                HAL_NVIC_EnableIRQ
 .text.HAL_SYSTICK_Config
                0x0800535a       0x18 ./Drivers/STM32F7xx_HAL_Driver/Src/stm32f7xx_hal_cortex.o
                0x0800535a                HAL_SYSTICK_Config
 *fill*         0x08005372        0x2 
 .text.HAL_MPU_Disable
                0x08005374       0x30 ./Drivers/STM32F7xx_HAL_Driver/Src/stm32f7xx_hal_cortex.o
                0x08005374                HAL_MPU_Disable
 .text.HAL_MPU_Enable
                0x080053a4       0x40 ./Drivers/STM32F7xx_HAL_Driver/Src/stm32f7xx_hal_cortex.o
                0x080053a4                HAL_MPU_Enable
 .text.HAL_MPU_ConfigRegion
                0x080053e4       0x80 ./Drivers/STM32F7xx_HAL_Driver/Src/stm32f7xx_hal_cortex.o
                0x080053e4                HAL_MPU_ConfigRegion
 .text.HAL_GPIO_Init
                0x08005464      0x358 ./Drivers/STM32F7xx_HAL_Driver/Src/stm32f7xx_hal_gpio.o
                0x08005464                HAL_GPIO_Init
 .text.HAL_GPIO_ReadPin
                0x080057bc       0x30 ./Drivers/STM32F7xx_HAL_Driver/Src/stm32f7xx_hal_gpio.o
                0x080057bc                HAL_GPIO_ReadPin
 .text.HAL_GPIO_WritePin
                0x080057ec       0x32 ./Drivers/STM32F7xx_HAL_Driver/Src/stm32f7xx_hal_gpio.o
                0x080057ec                HAL_GPIO_WritePin
 *fill*         0x0800581e        0x2 
 .text.HAL_PWR_EnableWakeUpPin
                0x08005820       0x40 ./Drivers/STM32F7xx_HAL_Driver/Src/stm32f7xx_hal_pwr.o
                0x08005820                HAL_PWR_EnableWakeUpPin
 .text.HAL_PWR_EnterSTANDBYMode
                0x08005860       0x30 ./Drivers/STM32F7xx_HAL_Driver/Src/stm32f7xx_hal_pwr.o
                0x08005860                HAL_PWR_EnterSTANDBYMode
 .text.HAL_PWREx_EnableOverDrive
                0x08005890       0xa0 ./Drivers/STM32F7xx_HAL_Driver/Src/stm32f7xx_hal_pwr_ex.o
                0x08005890                HAL_PWREx_EnableOverDrive
 .text.HAL_RCC_OscConfig
                0x08005930      0x55c ./Drivers/STM32F7xx_HAL_Driver/Src/stm32f7xx_hal_rcc.o
                0x08005930                HAL_RCC_OscConfig
 .text.HAL_RCC_ClockConfig
                0x08005e8c      0x1d8 ./Drivers/STM32F7xx_HAL_Driver/Src/stm32f7xx_hal_rcc.o
                0x08005e8c                HAL_RCC_ClockConfig
 .text.HAL_RCC_GetSysClockFreq
                0x08006064      0x18c ./Drivers/STM32F7xx_HAL_Driver/Src/stm32f7xx_hal_rcc.o
                0x08006064                HAL_RCC_GetSysClockFreq
 .text.HAL_RCC_GetHCLKFreq
                0x080061f0       0x18 ./Drivers/STM32F7xx_HAL_Driver/Src/stm32f7xx_hal_rcc.o
                0x080061f0                HAL_RCC_GetHCLKFreq
 .text.HAL_RCC_GetPCLK1Freq
                0x08006208       0x28 ./Drivers/STM32F7xx_HAL_Driver/Src/stm32f7xx_hal_rcc.o
                0x08006208                HAL_RCC_GetPCLK1Freq
 .text.HAL_RCC_GetPCLK2Freq
                0x08006230       0x28 ./Drivers/STM32F7xx_HAL_Driver/Src/stm32f7xx_hal_rcc.o
                0x08006230                HAL_RCC_GetPCLK2Freq
 .text.HAL_RCCEx_PeriphCLKConfig
                0x08006258      0x850 ./Drivers/STM32F7xx_HAL_Driver/Src/stm32f7xx_hal_rcc_ex.o
                0x08006258                HAL_RCCEx_PeriphCLKConfig
 .text.HAL_SPI_Init
                0x08006aa8      0x156 ./Drivers/STM32F7xx_HAL_Driver/Src/stm32f7xx_hal_spi.o
                0x08006aa8                HAL_SPI_Init
 .text.HAL_UART_Init
                0x08006bfe       0x9c ./Drivers/STM32F7xx_HAL_Driver/Src/stm32f7xx_hal_uart.o
                0x08006bfe                HAL_UART_Init
 *fill*         0x08006c9a        0x2 
 .text.UART_SetConfig
                0x08006c9c      0x4c8 ./Drivers/STM32F7xx_HAL_Driver/Src/stm32f7xx_hal_uart.o
                0x08006c9c                UART_SetConfig
 .text.UART_AdvFeatureConfig
                0x08007164      0x144 ./Drivers/STM32F7xx_HAL_Driver/Src/stm32f7xx_hal_uart.o
                0x08007164                UART_AdvFeatureConfig
 .text.UART_CheckIdleState
                0x080072a8      0x150 ./Drivers/STM32F7xx_HAL_Driver/Src/stm32f7xx_hal_uart.o
                0x080072a8                UART_CheckIdleState
 .text.UART_WaitOnFlagUntilTimeout
                0x080073f8       0xda ./Drivers/STM32F7xx_HAL_Driver/Src/stm32f7xx_hal_uart.o
                0x080073f8                UART_WaitOnFlagUntilTimeout
 .text.UART_EndRxTransfer
                0x080074d2       0xc8 ./Drivers/STM32F7xx_HAL_Driver/Src/stm32f7xx_hal_uart.o
 .text.makeFreeRtosPriority
                0x0800759a       0x30 ./Middlewares/Third_Party/FreeRTOS/Source/CMSIS_RTOS/cmsis_os.o
 .text.inHandlerMode
                0x080075ca       0x24 ./Middlewares/Third_Party/FreeRTOS/Source/CMSIS_RTOS/cmsis_os.o
 .text.osKernelStart
                0x080075ee        0xe ./Middlewares/Third_Party/FreeRTOS/Source/CMSIS_RTOS/cmsis_os.o
                0x080075ee                osKernelStart
 .text.osThreadCreate
                0x080075fc       0x98 ./Middlewares/Third_Party/FreeRTOS/Source/CMSIS_RTOS/cmsis_os.o
                0x080075fc                osThreadCreate
 .text.osThreadGetId
                0x08007694        0xe ./Middlewares/Third_Party/FreeRTOS/Source/CMSIS_RTOS/cmsis_os.o
                0x08007694                osThreadGetId
 .text.osDelay  0x080076a2       0x28 ./Middlewares/Third_Party/FreeRTOS/Source/CMSIS_RTOS/cmsis_os.o
                0x080076a2                osDelay
 *fill*         0x080076ca        0x2 
 .text.osTimerCreate
                0x080076cc       0x68 ./Middlewares/Third_Party/FreeRTOS/Source/CMSIS_RTOS/cmsis_os.o
                0x080076cc                osTimerCreate
 .text.osTimerStart
                0x08007734       0x88 ./Middlewares/Third_Party/FreeRTOS/Source/CMSIS_RTOS/cmsis_os.o
                0x08007734                osTimerStart
 .text.osSignalSet
                0x080077bc       0x80 ./Middlewares/Third_Party/FreeRTOS/Source/CMSIS_RTOS/cmsis_os.o
                0x080077bc                osSignalSet
 .text.osSignalWait
                0x0800783c       0x98 ./Middlewares/Third_Party/FreeRTOS/Source/CMSIS_RTOS/cmsis_os.o
                0x0800783c                osSignalWait
 .text.osPoolCreate
                0x080078d4       0xba ./Middlewares/Third_Party/FreeRTOS/Source/CMSIS_RTOS/cmsis_os.o
                0x080078d4                osPoolCreate
 .text.osPoolAlloc
                0x0800798e       0xc8 ./Middlewares/Third_Party/FreeRTOS/Source/CMSIS_RTOS/cmsis_os.o
                0x0800798e                osPoolAlloc
 .text.osPoolFree
                0x08007a56       0x82 ./Middlewares/Third_Party/FreeRTOS/Source/CMSIS_RTOS/cmsis_os.o
                0x08007a56                osPoolFree
 .text.osMailCreate
                0x08007ad8       0xb0 ./Middlewares/Third_Party/FreeRTOS/Source/CMSIS_RTOS/cmsis_os.o
                0x08007ad8                osMailCreate
 .text.osMailAlloc
                0x08007b88       0x2a ./Middlewares/Third_Party/FreeRTOS/Source/CMSIS_RTOS/cmsis_os.o
                0x08007b88                osMailAlloc
 *fill*         0x08007bb2        0x2 
 .text.osMailPut
                0x08007bb4       0x7c ./Middlewares/Third_Party/FreeRTOS/Source/CMSIS_RTOS/cmsis_os.o
                0x08007bb4                osMailPut
 .text.osMailGet
                0x08007c30       0xe8 ./Middlewares/Third_Party/FreeRTOS/Source/CMSIS_RTOS/cmsis_os.o
                0x08007c30                osMailGet
 .text.osMailFree
                0x08007d18       0x2a ./Middlewares/Third_Party/FreeRTOS/Source/CMSIS_RTOS/cmsis_os.o
                0x08007d18                osMailFree
 .text.vListInitialise
                0x08007d42       0x40 ./Middlewares/Third_Party/FreeRTOS/Source/list.o
                0x08007d42                vListInitialise
 .text.vListInitialiseItem
                0x08007d82       0x1a ./Middlewares/Third_Party/FreeRTOS/Source/list.o
                0x08007d82                vListInitialiseItem
 .text.vListInsertEnd
                0x08007d9c       0x48 ./Middlewares/Third_Party/FreeRTOS/Source/list.o
                0x08007d9c                vListInsertEnd
 .text.vListInsert
                0x08007de4       0x72 ./Middlewares/Third_Party/FreeRTOS/Source/list.o
                0x08007de4                vListInsert
 .text.uxListRemove
                0x08007e56       0x54 ./Middlewares/Third_Party/FreeRTOS/Source/list.o
                0x08007e56                uxListRemove
 *fill*         0x08007eaa        0x2 
 .text.xQueueGenericReset
                0x08007eac       0xd8 ./Middlewares/Third_Party/FreeRTOS/Source/queue.o
                0x08007eac                xQueueGenericReset
 .text.xQueueGenericCreateStatic
                0x08007f84      0x10e ./Middlewares/Third_Party/FreeRTOS/Source/queue.o
                0x08007f84                xQueueGenericCreateStatic
 .text.xQueueGenericCreate
                0x08008092       0x86 ./Middlewares/Third_Party/FreeRTOS/Source/queue.o
                0x08008092                xQueueGenericCreate
 .text.prvInitialiseNewQueue
                0x08008118       0x3e ./Middlewares/Third_Party/FreeRTOS/Source/queue.o
 *fill*         0x08008156        0x2 
 .text.xQueueGenericSend
                0x08008158      0x214 ./Middlewares/Third_Party/FreeRTOS/Source/queue.o
                0x08008158                xQueueGenericSend
 .text.xQueueGenericSendFromISR
                0x0800836c      0x146 ./Middlewares/Third_Party/FreeRTOS/Source/queue.o
                0x0800836c                xQueueGenericSendFromISR
 *fill*         0x080084b2        0x2 
 .text.xQueueReceive
                0x080084b4      0x1d0 ./Middlewares/Third_Party/FreeRTOS/Source/queue.o
                0x080084b4                xQueueReceive
 .text.xQueueReceiveFromISR
                0x08008684      0x110 ./Middlewares/Third_Party/FreeRTOS/Source/queue.o
                0x08008684                xQueueReceiveFromISR
 .text.prvCopyDataToQueue
                0x08008794       0xd4 ./Middlewares/Third_Party/FreeRTOS/Source/queue.o
 .text.prvCopyDataFromQueue
                0x08008868       0x4c ./Middlewares/Third_Party/FreeRTOS/Source/queue.o
 .text.prvUnlockQueue
                0x080088b4       0xa4 ./Middlewares/Third_Party/FreeRTOS/Source/queue.o
 .text.prvIsQueueEmpty
                0x08008958       0x2c ./Middlewares/Third_Party/FreeRTOS/Source/queue.o
 .text.prvIsQueueFull
                0x08008984       0x30 ./Middlewares/Third_Party/FreeRTOS/Source/queue.o
 .text.vQueueAddToRegistry
                0x080089b4       0x54 ./Middlewares/Third_Party/FreeRTOS/Source/queue.o
                0x080089b4                vQueueAddToRegistry
 .text.vQueueWaitForMessageRestricted
                0x08008a08       0x68 ./Middlewares/Third_Party/FreeRTOS/Source/queue.o
                0x08008a08                vQueueWaitForMessageRestricted
 .text.xTaskCreateStatic
                0x08008a70       0xcc ./Middlewares/Third_Party/FreeRTOS/Source/tasks.o
                0x08008a70                xTaskCreateStatic
 .text.xTaskCreate
                0x08008b3c       0x8a ./Middlewares/Third_Party/FreeRTOS/Source/tasks.o
                0x08008b3c                xTaskCreate
 .text.prvInitialiseNewTask
                0x08008bc6      0x114 ./Middlewares/Third_Party/FreeRTOS/Source/tasks.o
 *fill*         0x08008cda        0x2 
 .text.prvAddNewTaskToReadyList
                0x08008cdc       0xd4 ./Middlewares/Third_Party/FreeRTOS/Source/tasks.o
 .text.vTaskDelay
                0x08008db0       0x70 ./Middlewares/Third_Party/FreeRTOS/Source/tasks.o
                0x08008db0                vTaskDelay
 .text.vTaskStartScheduler
                0x08008e20       0xd8 ./Middlewares/Third_Party/FreeRTOS/Source/tasks.o
                0x08008e20                vTaskStartScheduler
 .text.vTaskSuspendAll
                0x08008ef8       0x1c ./Middlewares/Third_Party/FreeRTOS/Source/tasks.o
                0x08008ef8                vTaskSuspendAll
 .text.xTaskResumeAll
                0x08008f14      0x140 ./Middlewares/Third_Party/FreeRTOS/Source/tasks.o
                0x08008f14                xTaskResumeAll
 .text.xTaskGetTickCount
                0x08009054       0x20 ./Middlewares/Third_Party/FreeRTOS/Source/tasks.o
                0x08009054                xTaskGetTickCount
 .text.xTaskIncrementTick
                0x08009074      0x178 ./Middlewares/Third_Party/FreeRTOS/Source/tasks.o
                0x08009074                xTaskIncrementTick
 .text.vTaskSwitchContext
                0x080091ec       0xbc ./Middlewares/Third_Party/FreeRTOS/Source/tasks.o
                0x080091ec                vTaskSwitchContext
 .text.vTaskPlaceOnEventList
                0x080092a8       0x50 ./Middlewares/Third_Party/FreeRTOS/Source/tasks.o
                0x080092a8                vTaskPlaceOnEventList
 .text.vTaskPlaceOnEventListRestricted
                0x080092f8       0x5c ./Middlewares/Third_Party/FreeRTOS/Source/tasks.o
                0x080092f8                vTaskPlaceOnEventListRestricted
 .text.xTaskRemoveFromEventList
                0x08009354       0xcc ./Middlewares/Third_Party/FreeRTOS/Source/tasks.o
                0x08009354                xTaskRemoveFromEventList
 .text.vTaskInternalSetTimeOutState
                0x08009420       0x2c ./Middlewares/Third_Party/FreeRTOS/Source/tasks.o
                0x08009420                vTaskInternalSetTimeOutState
 .text.xTaskCheckForTimeOut
                0x0800944c       0xd0 ./Middlewares/Third_Party/FreeRTOS/Source/tasks.o
                0x0800944c                xTaskCheckForTimeOut
 .text.vTaskMissedYield
                0x0800951c       0x18 ./Middlewares/Third_Party/FreeRTOS/Source/tasks.o
                0x0800951c                vTaskMissedYield
 .text.prvIdleTask
                0x08009534       0x30 ./Middlewares/Third_Party/FreeRTOS/Source/tasks.o
 .text.prvInitialiseTaskLists
                0x08009564       0x80 ./Middlewares/Third_Party/FreeRTOS/Source/tasks.o
 .text.prvCheckTasksWaitingTermination
                0x080095e4       0x5c ./Middlewares/Third_Party/FreeRTOS/Source/tasks.o
 .text.prvDeleteTCB
                0x08009640       0x64 ./Middlewares/Third_Party/FreeRTOS/Source/tasks.o
 .text.prvResetNextTaskUnblockTime
                0x080096a4       0x40 ./Middlewares/Third_Party/FreeRTOS/Source/tasks.o
 .text.xTaskGetCurrentTaskHandle
                0x080096e4       0x20 ./Middlewares/Third_Party/FreeRTOS/Source/tasks.o
                0x080096e4                xTaskGetCurrentTaskHandle
 .text.xTaskGetSchedulerState
                0x08009704       0x3c ./Middlewares/Third_Party/FreeRTOS/Source/tasks.o
                0x08009704                xTaskGetSchedulerState
 .text.xTaskPriorityDisinherit
                0x08009740      0x118 ./Middlewares/Third_Party/FreeRTOS/Source/tasks.o
                0x08009740                xTaskPriorityDisinherit
 .text.xTaskNotifyWait
                0x08009858       0xb4 ./Middlewares/Third_Party/FreeRTOS/Source/tasks.o
                0x08009858                xTaskNotifyWait
 .text.xTaskGenericNotify
                0x0800990c      0x17c ./Middlewares/Third_Party/FreeRTOS/Source/tasks.o
                0x0800990c                xTaskGenericNotify
 .text.xTaskGenericNotifyFromISR
                0x08009a88      0x1cc ./Middlewares/Third_Party/FreeRTOS/Source/tasks.o
                0x08009a88                xTaskGenericNotifyFromISR
 .text.prvAddCurrentTaskToDelayedList
                0x08009c54       0xcc ./Middlewares/Third_Party/FreeRTOS/Source/tasks.o
 .text.xTimerCreateTimerTask
                0x08009d20       0x98 ./Middlewares/Third_Party/FreeRTOS/Source/timers.o
                0x08009d20                xTimerCreateTimerTask
 .text.xTimerCreate
                0x08009db8       0x42 ./Middlewares/Third_Party/FreeRTOS/Source/timers.o
                0x08009db8                xTimerCreate
 .text.xTimerCreateStatic
                0x08009dfa       0x88 ./Middlewares/Third_Party/FreeRTOS/Source/timers.o
                0x08009dfa                xTimerCreateStatic
 .text.prvInitialiseNewTimer
                0x08009e82       0x7c ./Middlewares/Third_Party/FreeRTOS/Source/timers.o
 *fill*         0x08009efe        0x2 
 .text.xTimerGenericCommand
                0x08009f00       0xa0 ./Middlewares/Third_Party/FreeRTOS/Source/timers.o
                0x08009f00                xTimerGenericCommand
 .text.prvProcessExpiredTimer
                0x08009fa0       0xa0 ./Middlewares/Third_Party/FreeRTOS/Source/timers.o
 .text.prvTimerTask
                0x0800a040       0x26 ./Middlewares/Third_Party/FreeRTOS/Source/timers.o
 *fill*         0x0800a066        0x2 
 .text.prvProcessTimerOrBlockTask
                0x0800a068       0x9c ./Middlewares/Third_Party/FreeRTOS/Source/timers.o
 .text.prvGetNextExpireTime
                0x0800a104       0x48 ./Middlewares/Third_Party/FreeRTOS/Source/timers.o
 .text.prvSampleTimeNow
                0x0800a14c       0x40 ./Middlewares/Third_Party/FreeRTOS/Source/timers.o
 .text.prvInsertTimerInActiveList
                0x0800a18c       0x84 ./Middlewares/Third_Party/FreeRTOS/Source/timers.o
 .text.prvProcessReceivedCommands
                0x0800a210      0x19c ./Middlewares/Third_Party/FreeRTOS/Source/timers.o
 .text.prvSwitchTimerLists
                0x0800a3ac       0xd0 ./Middlewares/Third_Party/FreeRTOS/Source/timers.o
 .text.prvCheckForValidListAndQueue
                0x0800a47c       0x80 ./Middlewares/Third_Party/FreeRTOS/Source/timers.o
 .text.pxPortInitialiseStack
                0x0800a4fc       0x68 ./Middlewares/Third_Party/FreeRTOS/Source/portable/GCC/ARM_CM7/r0p1/port.o
                0x0800a4fc                pxPortInitialiseStack
 .text.prvTaskExitError
                0x0800a564       0x64 ./Middlewares/Third_Party/FreeRTOS/Source/portable/GCC/ARM_CM7/r0p1/port.o
 *fill*         0x0800a5c8        0x8 
 .text.SVC_Handler
                0x0800a5d0       0x28 ./Middlewares/Third_Party/FreeRTOS/Source/portable/GCC/ARM_CM7/r0p1/port.o
                0x0800a5d0                SVC_Handler
 .text.prvPortStartFirstTask
                0x0800a5f8       0x28 ./Middlewares/Third_Party/FreeRTOS/Source/portable/GCC/ARM_CM7/r0p1/port.o
 .text.xPortStartScheduler
                0x0800a620       0xfc ./Middlewares/Third_Party/FreeRTOS/Source/portable/GCC/ARM_CM7/r0p1/port.o
                0x0800a620                xPortStartScheduler
 .text.vPortEnterCritical
                0x0800a71c       0x6c ./Middlewares/Third_Party/FreeRTOS/Source/portable/GCC/ARM_CM7/r0p1/port.o
                0x0800a71c                vPortEnterCritical
 .text.vPortExitCritical
                0x0800a788       0x58 ./Middlewares/Third_Party/FreeRTOS/Source/portable/GCC/ARM_CM7/r0p1/port.o
                0x0800a788                vPortExitCritical
 .text.PendSV_Handler
                0x0800a7e0       0x68 ./Middlewares/Third_Party/FreeRTOS/Source/portable/GCC/ARM_CM7/r0p1/port.o
                0x0800a7e0                PendSV_Handler
 .text.xPortSysTickHandler
                0x0800a848       0x48 ./Middlewares/Third_Party/FreeRTOS/Source/portable/GCC/ARM_CM7/r0p1/port.o
                0x0800a848                xPortSysTickHandler
 .text.vPortSetupTimerInterrupt
                0x0800a890       0x48 ./Middlewares/Third_Party/FreeRTOS/Source/portable/GCC/ARM_CM7/r0p1/port.o
                0x0800a890                vPortSetupTimerInterrupt
 .text.vPortEnableVFP
                0x0800a8d8       0x14 ./Middlewares/Third_Party/FreeRTOS/Source/portable/GCC/ARM_CM7/r0p1/port.o
 .text.vPortValidateInterruptPriority
                0x0800a8ec       0x8c ./Middlewares/Third_Party/FreeRTOS/Source/portable/GCC/ARM_CM7/r0p1/port.o
                0x0800a8ec                vPortValidateInterruptPriority
 .text.pvPortMalloc
                0x0800a978      0x19c ./Middlewares/Third_Party/FreeRTOS/Source/portable/MemMang/heap_4.o
                0x0800a978                pvPortMalloc
 .text.vPortFree
                0x0800ab14       0xc0 ./Middlewares/Third_Party/FreeRTOS/Source/portable/MemMang/heap_4.o
                0x0800ab14                vPortFree
 .text.prvHeapInit
                0x0800abd4       0xc4 ./Middlewares/Third_Party/FreeRTOS/Source/portable/MemMang/heap_4.o
 .text.prvInsertBlockIntoFreeList
                0x0800ac98       0xb4 ./Middlewares/Third_Party/FreeRTOS/Source/portable/MemMang/heap_4.o
 .text.atoi     0x0800ad4c        0x8 C:/ST/STM32CubeIDE_1.17.0/STM32CubeIDE/plugins/com.st.stm32cube.ide.mcu.externaltools.gnu-tools-for-stm32.12.3.rel1.win32_1.1.0.202410251130/tools/bin/../lib/gcc/arm-none-eabi/12.3.1/../../../../arm-none-eabi/lib/thumb/v7e-m+dp/hard\libc_nano.a(libc_a-atoi.o)
                0x0800ad4c                atoi
 .text._strtol_l.constprop.0
                0x0800ad54       0xf4 C:/ST/STM32CubeIDE_1.17.0/STM32CubeIDE/plugins/com.st.stm32cube.ide.mcu.externaltools.gnu-tools-for-stm32.12.3.rel1.win32_1.1.0.202410251130/tools/bin/../lib/gcc/arm-none-eabi/12.3.1/../../../../arm-none-eabi/lib/thumb/v7e-m+dp/hard\libc_nano.a(libc_a-strtol.o)
 .text.strtol   0x0800ae48       0x14 C:/ST/STM32CubeIDE_1.17.0/STM32CubeIDE/plugins/com.st.stm32cube.ide.mcu.externaltools.gnu-tools-for-stm32.12.3.rel1.win32_1.1.0.202410251130/tools/bin/../lib/gcc/arm-none-eabi/12.3.1/../../../../arm-none-eabi/lib/thumb/v7e-m+dp/hard\libc_nano.a(libc_a-strtol.o)
                0x0800ae48                strtol
 .text.memcmp   0x0800ae5c       0x20 C:/ST/STM32CubeIDE_1.17.0/STM32CubeIDE/plugins/com.st.stm32cube.ide.mcu.externaltools.gnu-tools-for-stm32.12.3.rel1.win32_1.1.0.202410251130/tools/bin/../lib/gcc/arm-none-eabi/12.3.1/../../../../arm-none-eabi/lib/thumb/v7e-m+dp/hard\libc_nano.a(libc_a-memcmp.o)
                0x0800ae5c                memcmp
 .text.memset   0x0800ae7c       0x10 C:/ST/STM32CubeIDE_1.17.0/STM32CubeIDE/plugins/com.st.stm32cube.ide.mcu.externaltools.gnu-tools-for-stm32.12.3.rel1.win32_1.1.0.202410251130/tools/bin/../lib/gcc/arm-none-eabi/12.3.1/../../../../arm-none-eabi/lib/thumb/v7e-m+dp/hard\libc_nano.a(libc_a-memset.o)
                0x0800ae7c                memset
 .text.strchr   0x0800ae8c       0x1a C:/ST/STM32CubeIDE_1.17.0/STM32CubeIDE/plugins/com.st.stm32cube.ide.mcu.externaltools.gnu-tools-for-stm32.12.3.rel1.win32_1.1.0.202410251130/tools/bin/../lib/gcc/arm-none-eabi/12.3.1/../../../../arm-none-eabi/lib/thumb/v7e-m+dp/hard\libc_nano.a(libc_a-strchr.o)
                0x0800ae8c                strchr
 *fill*         0x0800aea6        0x2 
 .text.__errno  0x0800aea8        0xc C:/ST/STM32CubeIDE_1.17.0/STM32CubeIDE/plugins/com.st.stm32cube.ide.mcu.externaltools.gnu-tools-for-stm32.12.3.rel1.win32_1.1.0.202410251130/tools/bin/../lib/gcc/arm-none-eabi/12.3.1/../../../../arm-none-eabi/lib/thumb/v7e-m+dp/hard\libc_nano.a(libc_a-errno.o)
                0x0800aea8                __errno
 .text.__libc_init_array
                0x0800aeb4       0x48 C:/ST/STM32CubeIDE_1.17.0/STM32CubeIDE/plugins/com.st.stm32cube.ide.mcu.externaltools.gnu-tools-for-stm32.12.3.rel1.win32_1.1.0.202410251130/tools/bin/../lib/gcc/arm-none-eabi/12.3.1/../../../../arm-none-eabi/lib/thumb/v7e-m+dp/hard\libc_nano.a(libc_a-init.o)
                0x0800aeb4                __libc_init_array
 .text.memcpy   0x0800aefc       0x1c C:/ST/STM32CubeIDE_1.17.0/STM32CubeIDE/plugins/com.st.stm32cube.ide.mcu.externaltools.gnu-tools-for-stm32.12.3.rel1.win32_1.1.0.202410251130/tools/bin/../lib/gcc/arm-none-eabi/12.3.1/../../../../arm-none-eabi/lib/thumb/v7e-m+dp/hard\libc_nano.a(libc_a-memcpy-stub.o)
                0x0800aefc                memcpy
 *(.glue_7)
 .glue_7        0x0800af18        0x0 linker stubs
 *(.glue_7t)
 .glue_7t       0x0800af18        0x0 linker stubs
 *(.eh_frame)
 .eh_frame      0x0800af18        0x0 C:/ST/STM32CubeIDE_1.17.0/STM32CubeIDE/plugins/com.st.stm32cube.ide.mcu.externaltools.gnu-tools-for-stm32.12.3.rel1.win32_1.1.0.202410251130/tools/bin/../lib/gcc/arm-none-eabi/12.3.1/thumb/v7e-m+dp/hard/crtbegin.o
 *(.init)
 .init          0x0800af18        0x4 C:/ST/STM32CubeIDE_1.17.0/STM32CubeIDE/plugins/com.st.stm32cube.ide.mcu.externaltools.gnu-tools-for-stm32.12.3.rel1.win32_1.1.0.202410251130/tools/bin/../lib/gcc/arm-none-eabi/12.3.1/thumb/v7e-m+dp/hard/crti.o
                0x0800af18                _init
 .init          0x0800af1c        0x8 C:/ST/STM32CubeIDE_1.17.0/STM32CubeIDE/plugins/com.st.stm32cube.ide.mcu.externaltools.gnu-tools-for-stm32.12.3.rel1.win32_1.1.0.202410251130/tools/bin/../lib/gcc/arm-none-eabi/12.3.1/thumb/v7e-m+dp/hard/crtn.o
 *(.fini)
 .fini          0x0800af24        0x4 C:/ST/STM32CubeIDE_1.17.0/STM32CubeIDE/plugins/com.st.stm32cube.ide.mcu.externaltools.gnu-tools-for-stm32.12.3.rel1.win32_1.1.0.202410251130/tools/bin/../lib/gcc/arm-none-eabi/12.3.1/thumb/v7e-m+dp/hard/crti.o
                0x0800af24                _fini
 .fini          0x0800af28        0x8 C:/ST/STM32CubeIDE_1.17.0/STM32CubeIDE/plugins/com.st.stm32cube.ide.mcu.externaltools.gnu-tools-for-stm32.12.3.rel1.win32_1.1.0.202410251130/tools/bin/../lib/gcc/arm-none-eabi/12.3.1/thumb/v7e-m+dp/hard/crtn.o
                0x0800af30                        . = ALIGN (0x4)
                0x0800af30                        _etext = .

.vfp11_veneer   0x0800af30        0x0
 .vfp11_veneer  0x0800af30        0x0 linker stubs

.v4_bx          0x0800af30        0x0
 .v4_bx         0x0800af30        0x0 linker stubs

.iplt           0x0800af30        0x0
 .iplt          0x0800af30        0x0 C:/ST/STM32CubeIDE_1.17.0/STM32CubeIDE/plugins/com.st.stm32cube.ide.mcu.externaltools.gnu-tools-for-stm32.12.3.rel1.win32_1.1.0.202410251130/tools/bin/../lib/gcc/arm-none-eabi/12.3.1/thumb/v7e-m+dp/hard/crtbegin.o

.rodata         0x0800af30      0xaa8
                0x0800af30                        . = ALIGN (0x4)
 *(.rodata)
 .rodata        0x0800af30      0x15b ./Core/Src/app/can_app.o
 *fill*         0x0800b08b        0x1 
 .rodata        0x0800b08c       0x64 ./Core/Src/app/console.o
 .rodata        0x0800b0f0       0x30 ./Core/Src/app/standby_app.o
 .rodata        0x0800b120       0x30 ./Core/Src/dev/btn_dev.o
 .rodata        0x0800b150      0x275 ./Core/Src/dev/mcp2515.o
 *fill*         0x0800b3c5        0x3 
 .rodata        0x0800b3c8       0xe3 ./Core/Src/drv/can_drv.o
 *fill*         0x0800b4ab        0x1 
 .rodata        0x0800b4ac       0x28 ./Core/Src/main.o
 .rodata        0x0800b4d4       0x58 ./Core/Src/mng/can_mng.o
 .rodata        0x0800b52c        0x1 ./Middlewares/Third_Party/FreeRTOS/Source/CMSIS_RTOS/cmsis_os.o
 *fill*         0x0800b52d        0x3 
 .rodata        0x0800b530        0x5 ./Middlewares/Third_Party/FreeRTOS/Source/tasks.o
 *fill*         0x0800b535        0x3 
 .rodata        0x0800b538        0xd ./Middlewares/Third_Party/FreeRTOS/Source/timers.o
 *(.rodata*)
 *fill*         0x0800b545        0x3 
 .rodata.os_timer_def_btnTimer
                0x0800b548        0x8 ./Core/Src/dev/btn_dev.o
                0x0800b548                os_timer_def_btnTimer
 .rodata.btn_info_tbl
                0x0800b550        0x8 ./Core/Src/dev/btn_dev.o
 .rodata.spi_open_par
                0x0800b558        0x8 ./Core/Src/dev/mcp2515.o
 .rodata.modify_reg_tbl
                0x0800b560        0xd ./Core/Src/dev/mcp2515.o
 *fill*         0x0800b56d        0x3 
 .rodata.status_info
                0x0800b570       0x40 ./Core/Src/dev/mcp2515.o
 .rodata.set_filter_tbl
                0x0800b5b0        0x8 ./Core/Src/dev/mcp2515.o
 .rodata.in_func_info
                0x0800b5b8       0x24 ./Core/Src/drv/can_drv.o
                0x0800b5b8                in_func_info
 .rodata.ex_func_info
                0x0800b5dc       0x24 ./Core/Src/drv/can_drv.o
                0x0800b5dc                ex_func_info
 .rodata.can_drv_ch_info
                0x0800b600       0x10 ./Core/Src/drv/can_drv.o
 .rodata.usart_info_tbl
                0x0800b610        0xc ./Core/Src/drv/usart_drv.o
 .rodata.init_func
                0x0800b61c       0x24 ./Core/Src/main.o
 .rodata.cmd_func
                0x0800b640        0x8 ./Core/Src/main.o
 .rodata.AHBPrescTable
                0x0800b648       0x10 ./Core/Src/system_stm32f7xx.o
                0x0800b648                AHBPrescTable
 .rodata.APBPrescTable
                0x0800b658        0x8 ./Core/Src/system_stm32f7xx.o
                0x0800b658                APBPrescTable
 .rodata.send_frame_info_tbl
                0x0800b660      0x118 ./Core/Src/mng/can_mng.o
 .rodata.recv_frame_info_tbl
                0x0800b778       0x78 ./Core/Src/mng/can_mng.o
 .rodata.filter0_ch1
                0x0800b7f0        0x4 ./Core/Src/mng/can_mng.o
 .rodata.filter1_ch1
                0x0800b7f4        0x4 ./Core/Src/mng/can_mng.o
 .rodata.rx_mailbox_info_ch1
                0x0800b7f8       0x20 ./Core/Src/mng/can_mng.o
 .rodata.filter0_ch2
                0x0800b818        0xc ./Core/Src/mng/can_mng.o
 .rodata.filter1_ch2
                0x0800b824       0x10 ./Core/Src/mng/can_mng.o
 .rodata.rx_mailbox_info_ch2
                0x0800b834       0x20 ./Core/Src/mng/can_mng.o
 .rodata.sleep_ch_tbl
                0x0800b854        0x2 ./Core/Src/mng/can_mng.o
 *fill*         0x0800b856        0x2 
 .rodata.ch_mbox_info
                0x0800b858       0x10 ./Core/Src/mng/can_mng.o
 .rodata.os_timer_def_Timer
                0x0800b868        0x8 ./Core/Src/mng/can_mng.o
                0x0800b868                os_timer_def_Timer
 .rodata.event_func
                0x0800b870       0x14 ./Core/Src/mng/can_mng.o
 .rodata.ch_info_tbl
                0x0800b884       0x14 ./Core/Src/peri/spi.o
 .rodata.ch_info_tbl
                0x0800b898       0x20 ./Core/Src/peri/usart.o
 .rodata.length_reg_config_tbl
                0x0800b8b8        0x8 ./Core/Src/peri/usart.o
 .rodata.parity_reg_config_tbl
                0x0800b8c0        0xc ./Core/Src/peri/usart.o
 .rodata.stopbit_reg_config_tbl
                0x0800b8cc        0x8 ./Core/Src/peri/usart.o
 .rodata._ctype_
                0x0800b8d4      0x101 C:/ST/STM32CubeIDE_1.17.0/STM32CubeIDE/plugins/com.st.stm32cube.ide.mcu.externaltools.gnu-tools-for-stm32.12.3.rel1.win32_1.1.0.202410251130/tools/bin/../lib/gcc/arm-none-eabi/12.3.1/../../../../arm-none-eabi/lib/thumb/v7e-m+dp/hard\libc_nano.a(libc_a-ctype_.o)
                0x0800b8d4                _ctype_
                0x0800b9d8                        . = ALIGN (0x4)
 *fill*         0x0800b9d5        0x3 

.ARM.extab      0x0800b9d8        0x0
                0x0800b9d8                        . = ALIGN (0x4)
 *(.ARM.extab* .gnu.linkonce.armextab.*)
                0x0800b9d8                        . = ALIGN (0x4)

.ARM            0x0800b9d8        0x8
                0x0800b9d8                        . = ALIGN (0x4)
                0x0800b9d8                        __exidx_start = .
 *(.ARM.exidx*)
 .ARM.exidx     0x0800b9d8        0x8 C:/ST/STM32CubeIDE_1.17.0/STM32CubeIDE/plugins/com.st.stm32cube.ide.mcu.externaltools.gnu-tools-for-stm32.12.3.rel1.win32_1.1.0.202410251130/tools/bin/../lib/gcc/arm-none-eabi/12.3.1/../../../../arm-none-eabi/lib/thumb/v7e-m+dp/hard\libc_nano.a(libc_a-strlen.o)
 .ARM.exidx     0x0800b9e0        0x0 C:/ST/STM32CubeIDE_1.17.0/STM32CubeIDE/plugins/com.st.stm32cube.ide.mcu.externaltools.gnu-tools-for-stm32.12.3.rel1.win32_1.1.0.202410251130/tools/bin/../lib/gcc/arm-none-eabi/12.3.1/thumb/v7e-m+dp/hard\libgcc.a(_udivmoddi4.o)
                                  0x8 (size before relaxing)
                0x0800b9e0                        __exidx_end = .
                0x0800b9e0                        . = ALIGN (0x4)

.preinit_array  0x0800b9e0        0x0
                0x0800b9e0                        . = ALIGN (0x4)
                0x0800b9e0                        PROVIDE (__preinit_array_start = .)
 *(.preinit_array*)
                0x0800b9e0                        PROVIDE (__preinit_array_end = .)
                0x0800b9e0                        . = ALIGN (0x4)

.init_array     0x0800b9e0        0x4
                0x0800b9e0                        . = ALIGN (0x4)
                0x0800b9e0                        PROVIDE (__init_array_start = .)
 *(SORT_BY_NAME(.init_array.*))
 *(.init_array*)
 .init_array    0x0800b9e0        0x4 C:/ST/STM32CubeIDE_1.17.0/STM32CubeIDE/plugins/com.st.stm32cube.ide.mcu.externaltools.gnu-tools-for-stm32.12.3.rel1.win32_1.1.0.202410251130/tools/bin/../lib/gcc/arm-none-eabi/12.3.1/thumb/v7e-m+dp/hard/crtbegin.o
                0x0800b9e4                        PROVIDE (__init_array_end = .)
                0x0800b9e4                        . = ALIGN (0x4)

.fini_array     0x0800b9e4        0x4
                0x0800b9e4                        . = ALIGN (0x4)
                [!provide]                        PROVIDE (__fini_array_start = .)
 *(SORT_BY_NAME(.fini_array.*))
 *(.fini_array*)
 .fini_array    0x0800b9e4        0x4 C:/ST/STM32CubeIDE_1.17.0/STM32CubeIDE/plugins/com.st.stm32cube.ide.mcu.externaltools.gnu-tools-for-stm32.12.3.rel1.win32_1.1.0.202410251130/tools/bin/../lib/gcc/arm-none-eabi/12.3.1/thumb/v7e-m+dp/hard/crtbegin.o
                [!provide]                        PROVIDE (__fini_array_end = .)
                0x0800b9e8                        . = ALIGN (0x4)
                0x0800b9e8                        _sidata = LOADADDR (.data)

.rel.dyn        0x0800b9e8        0x0
 .rel.iplt      0x0800b9e8        0x0 C:/ST/STM32CubeIDE_1.17.0/STM32CubeIDE/plugins/com.st.stm32cube.ide.mcu.externaltools.gnu-tools-for-stm32.12.3.rel1.win32_1.1.0.202410251130/tools/bin/../lib/gcc/arm-none-eabi/12.3.1/thumb/v7e-m+dp/hard/crtbegin.o

.data           0x20000000       0x68 load address 0x0800b9e8
                0x20000000                        . = ALIGN (0x4)
                0x20000000                        _sdata = .
 *(.data)
 *(.data*)
 .data.can_drv_func_list_tbl
                0x20000000        0x8 ./Core/Src/drv/can_drv.o
                0x20000000                can_drv_func_list_tbl
 .data.SystemCoreClock
                0x20000008        0x4 ./Core/Src/system_stm32f7xx.o
                0x20000008                SystemCoreClock
 .data.uwTickPrio
                0x2000000c        0x4 ./Drivers/STM32F7xx_HAL_Driver/Src/stm32f7xx_hal.o
                0x2000000c                uwTickPrio
 .data.uwTickFreq
                0x20000010        0x1 ./Drivers/STM32F7xx_HAL_Driver/Src/stm32f7xx_hal.o
                0x20000010                uwTickFreq
 *fill*         0x20000011        0x3 
 .data.uxCriticalNesting
                0x20000014        0x4 ./Middlewares/Third_Party/FreeRTOS/Source/portable/GCC/ARM_CM7/r0p1/port.o
 .data._impure_ptr
                0x20000018        0x4 C:/ST/STM32CubeIDE_1.17.0/STM32CubeIDE/plugins/com.st.stm32cube.ide.mcu.externaltools.gnu-tools-for-stm32.12.3.rel1.win32_1.1.0.202410251130/tools/bin/../lib/gcc/arm-none-eabi/12.3.1/../../../../arm-none-eabi/lib/thumb/v7e-m+dp/hard\libc_nano.a(libc_a-impure.o)
                0x20000018                _impure_ptr
 .data._impure_data
                0x2000001c       0x4c C:/ST/STM32CubeIDE_1.17.0/STM32CubeIDE/plugins/com.st.stm32cube.ide.mcu.externaltools.gnu-tools-for-stm32.12.3.rel1.win32_1.1.0.202410251130/tools/bin/../lib/gcc/arm-none-eabi/12.3.1/../../../../arm-none-eabi/lib/thumb/v7e-m+dp/hard\libc_nano.a(libc_a-impure.o)
                0x2000001c                _impure_data
 *(.RamFunc)
 *(.RamFunc*)
                0x20000068                        . = ALIGN (0x4)
                0x20000068                        _edata = .

.igot.plt       0x20000068        0x0 load address 0x0800ba50
 .igot.plt      0x20000068        0x0 C:/ST/STM32CubeIDE_1.17.0/STM32CubeIDE/plugins/com.st.stm32cube.ide.mcu.externaltools.gnu-tools-for-stm32.12.3.rel1.win32_1.1.0.202410251130/tools/bin/../lib/gcc/arm-none-eabi/12.3.1/thumb/v7e-m+dp/hard/crtbegin.o
                0x20000068                        . = ALIGN (0x4)

.bss            0x20000068    0x4169c load address 0x0800ba50
                0x20000068                        _sbss = .
                0x20000068                        __bss_start__ = _sbss
 *(.bss)
 .bss           0x20000068       0x1c C:/ST/STM32CubeIDE_1.17.0/STM32CubeIDE/plugins/com.st.stm32cube.ide.mcu.externaltools.gnu-tools-for-stm32.12.3.rel1.win32_1.1.0.202410251130/tools/bin/../lib/gcc/arm-none-eabi/12.3.1/thumb/v7e-m+dp/hard/crtbegin.o
 *(.bss*)
 .bss.console_cb
                0x20000084       0xd4 ./Core/Src/app/console.o
 .bss.standby_app_ctl
                0x20000158        0xc ./Core/Src/app/standby_app.o
 .bss.btn_ctl   0x20000164       0x10 ./Core/Src/dev/btn_dev.o
 .bss.mcp2515_ctl
                0x20000174        0x4 ./Core/Src/dev/mcp2515.o
 .bss.can_drv_ctl
                0x20000178       0x10 ./Core/Src/drv/can_drv.o
 .bss.usart_drv_cb
                0x20000188        0xc ./Core/Src/drv/usart_drv.o
 .bss.xIdleTaskTCBBuffer
                0x20000194       0x54 ./Core/Src/freertos.o
 .bss.xIdleStack
                0x200001e8      0x200 ./Core/Src/freertos.o
 .bss.xTimerTaskTCBBuffer
                0x200003e8       0x54 ./Core/Src/freertos.o
 .bss.xTimerStack
                0x2000043c      0x400 ./Core/Src/freertos.o
 .bss.hspi1     0x2000083c       0x64 ./Core/Src/main.o
                0x2000083c                hspi1
 .bss.hspi2     0x200008a0       0x64 ./Core/Src/main.o
                0x200008a0                hspi2
 .bss.huart1    0x20000904       0x88 ./Core/Src/main.o
                0x20000904                huart1
 .bss.huart2    0x2000098c       0x88 ./Core/Src/main.o
                0x2000098c                huart2
 .bss.defaultTaskHandle
                0x20000a14        0x4 ./Core/Src/main.o
                0x20000a14                defaultTaskHandle
 .bss.send_frame_1_buff
                0x20000a18        0x8 ./Core/Src/mng/can_mng.o
                0x20000a18                send_frame_1_buff
 .bss.send_frame_2_buff
                0x20000a20        0x8 ./Core/Src/mng/can_mng.o
                0x20000a20                send_frame_2_buff
 .bss.send_frame_3_buff
                0x20000a28        0x8 ./Core/Src/mng/can_mng.o
                0x20000a28                send_frame_3_buff
 .bss.send_frame_4_buff
                0x20000a30        0x8 ./Core/Src/mng/can_mng.o
                0x20000a30                send_frame_4_buff
 .bss.send_frame_5_buff
                0x20000a38        0x8 ./Core/Src/mng/can_mng.o
                0x20000a38                send_frame_5_buff
 .bss.send_frame_6_buff
                0x20000a40        0x8 ./Core/Src/mng/can_mng.o
                0x20000a40                send_frame_6_buff
 .bss.send_frame_7_buff
                0x20000a48        0x8 ./Core/Src/mng/can_mng.o
                0x20000a48                send_frame_7_buff
 .bss.send_frame_8_buff
                0x20000a50        0x8 ./Core/Src/mng/can_mng.o
                0x20000a50                send_frame_8_buff
 .bss.send_frame_9_buff
                0x20000a58        0x8 ./Core/Src/mng/can_mng.o
                0x20000a58                send_frame_9_buff
 .bss.send_frame_10_buff
                0x20000a60        0x8 ./Core/Src/mng/can_mng.o
                0x20000a60                send_frame_10_buff
 .bss.recv_frame_1_buff
                0x20000a68        0x8 ./Core/Src/mng/can_mng.o
                0x20000a68                recv_frame_1_buff
 .bss.recv_frame_2_buff
                0x20000a70        0x8 ./Core/Src/mng/can_mng.o
                0x20000a70                recv_frame_2_buff
 .bss.recv_frame_3_buff
                0x20000a78        0x8 ./Core/Src/mng/can_mng.o
                0x20000a78                recv_frame_3_buff
 .bss.recv_frame_4_buff
                0x20000a80        0x8 ./Core/Src/mng/can_mng.o
                0x20000a80                recv_frame_4_buff
 .bss.recv_frame_5_buff
                0x20000a88        0x8 ./Core/Src/mng/can_mng.o
                0x20000a88                recv_frame_5_buff
 .bss.can_mng_ctl
                0x20000a90       0x50 ./Core/Src/mng/can_mng.o
 .bss.spi_cb    0x20000ae0       0x18 ./Core/Src/peri/spi.o
 .bss.usart_cb  0x20000af8      0x848 ./Core/Src/peri/usart.o
 .bss.uwTick    0x20001340        0x4 ./Drivers/STM32F7xx_HAL_Driver/Src/stm32f7xx_hal.o
                0x20001340                uwTick
 .bss.xQueueRegistry
                0x20001344       0x40 ./Middlewares/Third_Party/FreeRTOS/Source/queue.o
                0x20001344                xQueueRegistry
 .bss.pxCurrentTCB
                0x20001384        0x4 ./Middlewares/Third_Party/FreeRTOS/Source/tasks.o
                0x20001384                pxCurrentTCB
 .bss.pxReadyTasksLists
                0x20001388       0x8c ./Middlewares/Third_Party/FreeRTOS/Source/tasks.o
 .bss.xDelayedTaskList1
                0x20001414       0x14 ./Middlewares/Third_Party/FreeRTOS/Source/tasks.o
 .bss.xDelayedTaskList2
                0x20001428       0x14 ./Middlewares/Third_Party/FreeRTOS/Source/tasks.o
 .bss.pxDelayedTaskList
                0x2000143c        0x4 ./Middlewares/Third_Party/FreeRTOS/Source/tasks.o
 .bss.pxOverflowDelayedTaskList
                0x20001440        0x4 ./Middlewares/Third_Party/FreeRTOS/Source/tasks.o
 .bss.xPendingReadyList
                0x20001444       0x14 ./Middlewares/Third_Party/FreeRTOS/Source/tasks.o
 .bss.xTasksWaitingTermination
                0x20001458       0x14 ./Middlewares/Third_Party/FreeRTOS/Source/tasks.o
 .bss.uxDeletedTasksWaitingCleanUp
                0x2000146c        0x4 ./Middlewares/Third_Party/FreeRTOS/Source/tasks.o
 .bss.xSuspendedTaskList
                0x20001470       0x14 ./Middlewares/Third_Party/FreeRTOS/Source/tasks.o
 .bss.uxCurrentNumberOfTasks
                0x20001484        0x4 ./Middlewares/Third_Party/FreeRTOS/Source/tasks.o
 .bss.xTickCount
                0x20001488        0x4 ./Middlewares/Third_Party/FreeRTOS/Source/tasks.o
 .bss.uxTopReadyPriority
                0x2000148c        0x4 ./Middlewares/Third_Party/FreeRTOS/Source/tasks.o
 .bss.xSchedulerRunning
                0x20001490        0x4 ./Middlewares/Third_Party/FreeRTOS/Source/tasks.o
 .bss.uxPendedTicks
                0x20001494        0x4 ./Middlewares/Third_Party/FreeRTOS/Source/tasks.o
 .bss.xYieldPending
                0x20001498        0x4 ./Middlewares/Third_Party/FreeRTOS/Source/tasks.o
 .bss.xNumOfOverflows
                0x2000149c        0x4 ./Middlewares/Third_Party/FreeRTOS/Source/tasks.o
 .bss.uxTaskNumber
                0x200014a0        0x4 ./Middlewares/Third_Party/FreeRTOS/Source/tasks.o
 .bss.xNextTaskUnblockTime
                0x200014a4        0x4 ./Middlewares/Third_Party/FreeRTOS/Source/tasks.o
 .bss.xIdleTaskHandle
                0x200014a8        0x4 ./Middlewares/Third_Party/FreeRTOS/Source/tasks.o
 .bss.uxSchedulerSuspended
                0x200014ac        0x4 ./Middlewares/Third_Party/FreeRTOS/Source/tasks.o
 .bss.xActiveTimerList1
                0x200014b0       0x14 ./Middlewares/Third_Party/FreeRTOS/Source/timers.o
 .bss.xActiveTimerList2
                0x200014c4       0x14 ./Middlewares/Third_Party/FreeRTOS/Source/timers.o
 .bss.pxCurrentTimerList
                0x200014d8        0x4 ./Middlewares/Third_Party/FreeRTOS/Source/timers.o
 .bss.pxOverflowTimerList
                0x200014dc        0x4 ./Middlewares/Third_Party/FreeRTOS/Source/timers.o
 .bss.xTimerQueue
                0x200014e0        0x4 ./Middlewares/Third_Party/FreeRTOS/Source/timers.o
 .bss.xTimerTaskHandle
                0x200014e4        0x4 ./Middlewares/Third_Party/FreeRTOS/Source/timers.o
 .bss.xLastTime.2
                0x200014e8        0x4 ./Middlewares/Third_Party/FreeRTOS/Source/timers.o
 .bss.ucStaticTimerQueueStorage.1
                0x200014ec       0x78 ./Middlewares/Third_Party/FreeRTOS/Source/timers.o
 .bss.xStaticTimerQueue.0
                0x20001564       0x48 ./Middlewares/Third_Party/FreeRTOS/Source/timers.o
 .bss.ucMaxSysCallPriority
                0x200015ac        0x1 ./Middlewares/Third_Party/FreeRTOS/Source/portable/GCC/ARM_CM7/r0p1/port.o
 *fill*         0x200015ad        0x3 
 .bss.ulMaxPRIGROUPValue
                0x200015b0        0x4 ./Middlewares/Third_Party/FreeRTOS/Source/portable/GCC/ARM_CM7/r0p1/port.o
 .bss.ucHeap    0x200015b4    0x40000 ./Middlewares/Third_Party/FreeRTOS/Source/portable/MemMang/heap_4.o
 .bss.xStart    0x200415b4        0x8 ./Middlewares/Third_Party/FreeRTOS/Source/portable/MemMang/heap_4.o
 .bss.pxEnd     0x200415bc        0x4 ./Middlewares/Third_Party/FreeRTOS/Source/portable/MemMang/heap_4.o
 .bss.xFreeBytesRemaining
                0x200415c0        0x4 ./Middlewares/Third_Party/FreeRTOS/Source/portable/MemMang/heap_4.o
 .bss.xMinimumEverFreeBytesRemaining
                0x200415c4        0x4 ./Middlewares/Third_Party/FreeRTOS/Source/portable/MemMang/heap_4.o
 .bss.xBlockAllocatedBit
                0x200415c8        0x4 ./Middlewares/Third_Party/FreeRTOS/Source/portable/MemMang/heap_4.o
 .bss.__sf      0x200415cc      0x138 C:/ST/STM32CubeIDE_1.17.0/STM32CubeIDE/plugins/com.st.stm32cube.ide.mcu.externaltools.gnu-tools-for-stm32.12.3.rel1.win32_1.1.0.202410251130/tools/bin/../lib/gcc/arm-none-eabi/12.3.1/../../../../arm-none-eabi/lib/thumb/v7e-m+dp/hard\libc_nano.a(libc_a-findfp.o)
                0x200415cc                __sf
 *(COMMON)
                0x20041704                        . = ALIGN (0x4)
                0x20041704                        _ebss = .
                0x20041704                        __bss_end__ = _ebss

._user_heap_stack
                0x20041704      0x604 load address 0x0800ba50
                0x20041708                        . = ALIGN (0x8)
 *fill*         0x20041704        0x4 
                [!provide]                        PROVIDE (end = .)
                0x20041708                        PROVIDE (_end = .)
                0x20041908                        . = (. + _Min_Heap_Size)
 *fill*         0x20041708      0x200 
                0x20041d08                        . = (. + _Min_Stack_Size)
 *fill*         0x20041908      0x400 
                0x20041d08                        . = ALIGN (0x8)

/DISCARD/
 libc.a(*)
 libm.a(*)
 libgcc.a(*)

.ARM.attributes
                0x00000000       0x2e
 *(.ARM.attributes)
 .ARM.attributes
                0x00000000       0x20 C:/ST/STM32CubeIDE_1.17.0/STM32CubeIDE/plugins/com.st.stm32cube.ide.mcu.externaltools.gnu-tools-for-stm32.12.3.rel1.win32_1.1.0.202410251130/tools/bin/../lib/gcc/arm-none-eabi/12.3.1/thumb/v7e-m+dp/hard/crti.o
 .ARM.attributes
                0x00000020       0x32 C:/ST/STM32CubeIDE_1.17.0/STM32CubeIDE/plugins/com.st.stm32cube.ide.mcu.externaltools.gnu-tools-for-stm32.12.3.rel1.win32_1.1.0.202410251130/tools/bin/../lib/gcc/arm-none-eabi/12.3.1/thumb/v7e-m+dp/hard/crtbegin.o
 .ARM.attributes
                0x00000052       0x32 ./Core/Src/app/can_app.o
 .ARM.attributes
                0x00000084       0x32 ./Core/Src/app/console.o
 .ARM.attributes
                0x000000b6       0x32 ./Core/Src/app/standby_app.o
 .ARM.attributes
                0x000000e8       0x32 ./Core/Src/dev/btn_dev.o
 .ARM.attributes
                0x0000011a       0x32 ./Core/Src/dev/mcp2515.o
 .ARM.attributes
                0x0000014c       0x32 ./Core/Src/drv/can_drv.o
 .ARM.attributes
                0x0000017e       0x32 ./Core/Src/drv/usart_drv.o
 .ARM.attributes
                0x000001b0       0x32 ./Core/Src/freertos.o
 .ARM.attributes
                0x000001e2       0x32 ./Core/Src/main.o
 .ARM.attributes
                0x00000214       0x32 ./Core/Src/stm32f7xx_hal_msp.o
 .ARM.attributes
                0x00000246       0x32 ./Core/Src/stm32f7xx_it.o
 .ARM.attributes
                0x00000278       0x32 ./Core/Src/system_stm32f7xx.o
 .ARM.attributes
                0x000002aa       0x32 ./Core/Src/mng/can_mng.o
 .ARM.attributes
                0x000002dc       0x32 ./Core/Src/peri/can.o
 .ARM.attributes
                0x0000030e       0x32 ./Core/Src/peri/spi.o
 .ARM.attributes
                0x00000340       0x32 ./Core/Src/peri/usart.o
 .ARM.attributes
                0x00000372       0x21 ./Core/Startup/startup_stm32f769nihx.o
 .ARM.attributes
                0x00000393       0x32 ./Drivers/STM32F7xx_HAL_Driver/Src/stm32f7xx_hal.o
 .ARM.attributes
                0x000003c5       0x32 ./Drivers/STM32F7xx_HAL_Driver/Src/stm32f7xx_hal_cortex.o
 .ARM.attributes
                0x000003f7       0x32 ./Drivers/STM32F7xx_HAL_Driver/Src/stm32f7xx_hal_gpio.o
 .ARM.attributes
                0x00000429       0x32 ./Drivers/STM32F7xx_HAL_Driver/Src/stm32f7xx_hal_pwr.o
 .ARM.attributes
                0x0000045b       0x32 ./Drivers/STM32F7xx_HAL_Driver/Src/stm32f7xx_hal_pwr_ex.o
 .ARM.attributes
                0x0000048d       0x32 ./Drivers/STM32F7xx_HAL_Driver/Src/stm32f7xx_hal_rcc.o
 .ARM.attributes
                0x000004bf       0x32 ./Drivers/STM32F7xx_HAL_Driver/Src/stm32f7xx_hal_rcc_ex.o
 .ARM.attributes
                0x000004f1       0x32 ./Drivers/STM32F7xx_HAL_Driver/Src/stm32f7xx_hal_spi.o
 .ARM.attributes
                0x00000523       0x32 ./Drivers/STM32F7xx_HAL_Driver/Src/stm32f7xx_hal_uart.o
 .ARM.attributes
                0x00000555       0x32 ./Middlewares/Third_Party/FreeRTOS/Source/CMSIS_RTOS/cmsis_os.o
 .ARM.attributes
                0x00000587       0x32 ./Middlewares/Third_Party/FreeRTOS/Source/list.o
 .ARM.attributes
                0x000005b9       0x32 ./Middlewares/Third_Party/FreeRTOS/Source/queue.o
 .ARM.attributes
                0x000005eb       0x32 ./Middlewares/Third_Party/FreeRTOS/Source/tasks.o
 .ARM.attributes
                0x0000061d       0x32 ./Middlewares/Third_Party/FreeRTOS/Source/timers.o
 .ARM.attributes
                0x0000064f       0x32 ./Middlewares/Third_Party/FreeRTOS/Source/portable/GCC/ARM_CM7/r0p1/port.o
 .ARM.attributes
                0x00000681       0x32 ./Middlewares/Third_Party/FreeRTOS/Source/portable/MemMang/heap_4.o
 .ARM.attributes
                0x000006b3       0x32 C:/ST/STM32CubeIDE_1.17.0/STM32CubeIDE/plugins/com.st.stm32cube.ide.mcu.externaltools.gnu-tools-for-stm32.12.3.rel1.win32_1.1.0.202410251130/tools/bin/../lib/gcc/arm-none-eabi/12.3.1/../../../../arm-none-eabi/lib/thumb/v7e-m+dp/hard\libc_nano.a(libc_a-atoi.o)
 .ARM.attributes
                0x000006e5       0x32 C:/ST/STM32CubeIDE_1.17.0/STM32CubeIDE/plugins/com.st.stm32cube.ide.mcu.externaltools.gnu-tools-for-stm32.12.3.rel1.win32_1.1.0.202410251130/tools/bin/../lib/gcc/arm-none-eabi/12.3.1/../../../../arm-none-eabi/lib/thumb/v7e-m+dp/hard\libc_nano.a(libc_a-strtol.o)
 .ARM.attributes
                0x00000717       0x32 C:/ST/STM32CubeIDE_1.17.0/STM32CubeIDE/plugins/com.st.stm32cube.ide.mcu.externaltools.gnu-tools-for-stm32.12.3.rel1.win32_1.1.0.202410251130/tools/bin/../lib/gcc/arm-none-eabi/12.3.1/../../../../arm-none-eabi/lib/thumb/v7e-m+dp/hard\libc_nano.a(libc_a-ctype_.o)
 .ARM.attributes
                0x00000749       0x32 C:/ST/STM32CubeIDE_1.17.0/STM32CubeIDE/plugins/com.st.stm32cube.ide.mcu.externaltools.gnu-tools-for-stm32.12.3.rel1.win32_1.1.0.202410251130/tools/bin/../lib/gcc/arm-none-eabi/12.3.1/../../../../arm-none-eabi/lib/thumb/v7e-m+dp/hard\libc_nano.a(libc_a-findfp.o)
 .ARM.attributes
                0x0000077b       0x32 C:/ST/STM32CubeIDE_1.17.0/STM32CubeIDE/plugins/com.st.stm32cube.ide.mcu.externaltools.gnu-tools-for-stm32.12.3.rel1.win32_1.1.0.202410251130/tools/bin/../lib/gcc/arm-none-eabi/12.3.1/../../../../arm-none-eabi/lib/thumb/v7e-m+dp/hard\libc_nano.a(libc_a-memcmp.o)
 .ARM.attributes
                0x000007ad       0x32 C:/ST/STM32CubeIDE_1.17.0/STM32CubeIDE/plugins/com.st.stm32cube.ide.mcu.externaltools.gnu-tools-for-stm32.12.3.rel1.win32_1.1.0.202410251130/tools/bin/../lib/gcc/arm-none-eabi/12.3.1/../../../../arm-none-eabi/lib/thumb/v7e-m+dp/hard\libc_nano.a(libc_a-memset.o)
 .ARM.attributes
                0x000007df       0x32 C:/ST/STM32CubeIDE_1.17.0/STM32CubeIDE/plugins/com.st.stm32cube.ide.mcu.externaltools.gnu-tools-for-stm32.12.3.rel1.win32_1.1.0.202410251130/tools/bin/../lib/gcc/arm-none-eabi/12.3.1/../../../../arm-none-eabi/lib/thumb/v7e-m+dp/hard\libc_nano.a(libc_a-strchr.o)
 .ARM.attributes
                0x00000811       0x32 C:/ST/STM32CubeIDE_1.17.0/STM32CubeIDE/plugins/com.st.stm32cube.ide.mcu.externaltools.gnu-tools-for-stm32.12.3.rel1.win32_1.1.0.202410251130/tools/bin/../lib/gcc/arm-none-eabi/12.3.1/../../../../arm-none-eabi/lib/thumb/v7e-m+dp/hard\libc_nano.a(libc_a-impure.o)
 .ARM.attributes
                0x00000843       0x32 C:/ST/STM32CubeIDE_1.17.0/STM32CubeIDE/plugins/com.st.stm32cube.ide.mcu.externaltools.gnu-tools-for-stm32.12.3.rel1.win32_1.1.0.202410251130/tools/bin/../lib/gcc/arm-none-eabi/12.3.1/../../../../arm-none-eabi/lib/thumb/v7e-m+dp/hard\libc_nano.a(libc_a-errno.o)
 .ARM.attributes
                0x00000875       0x32 C:/ST/STM32CubeIDE_1.17.0/STM32CubeIDE/plugins/com.st.stm32cube.ide.mcu.externaltools.gnu-tools-for-stm32.12.3.rel1.win32_1.1.0.202410251130/tools/bin/../lib/gcc/arm-none-eabi/12.3.1/../../../../arm-none-eabi/lib/thumb/v7e-m+dp/hard\libc_nano.a(libc_a-init.o)
 .ARM.attributes
                0x000008a7       0x32 C:/ST/STM32CubeIDE_1.17.0/STM32CubeIDE/plugins/com.st.stm32cube.ide.mcu.externaltools.gnu-tools-for-stm32.12.3.rel1.win32_1.1.0.202410251130/tools/bin/../lib/gcc/arm-none-eabi/12.3.1/../../../../arm-none-eabi/lib/thumb/v7e-m+dp/hard\libc_nano.a(libc_a-memcpy-stub.o)
 .ARM.attributes
                0x000008d9       0x17 C:/ST/STM32CubeIDE_1.17.0/STM32CubeIDE/plugins/com.st.stm32cube.ide.mcu.externaltools.gnu-tools-for-stm32.12.3.rel1.win32_1.1.0.202410251130/tools/bin/../lib/gcc/arm-none-eabi/12.3.1/../../../../arm-none-eabi/lib/thumb/v7e-m+dp/hard\libc_nano.a(libc_a-strlen.o)
 .ARM.attributes
                0x000008f0       0x20 C:/ST/STM32CubeIDE_1.17.0/STM32CubeIDE/plugins/com.st.stm32cube.ide.mcu.externaltools.gnu-tools-for-stm32.12.3.rel1.win32_1.1.0.202410251130/tools/bin/../lib/gcc/arm-none-eabi/12.3.1/thumb/v7e-m+dp/hard\libgcc.a(_aeabi_uldivmod.o)
 .ARM.attributes
                0x00000910       0x32 C:/ST/STM32CubeIDE_1.17.0/STM32CubeIDE/plugins/com.st.stm32cube.ide.mcu.externaltools.gnu-tools-for-stm32.12.3.rel1.win32_1.1.0.202410251130/tools/bin/../lib/gcc/arm-none-eabi/12.3.1/thumb/v7e-m+dp/hard\libgcc.a(_udivmoddi4.o)
 .ARM.attributes
                0x00000942       0x20 C:/ST/STM32CubeIDE_1.17.0/STM32CubeIDE/plugins/com.st.stm32cube.ide.mcu.externaltools.gnu-tools-for-stm32.12.3.rel1.win32_1.1.0.202410251130/tools/bin/../lib/gcc/arm-none-eabi/12.3.1/thumb/v7e-m+dp/hard\libgcc.a(_dvmd_tls.o)
 .ARM.attributes
                0x00000962       0x20 C:/ST/STM32CubeIDE_1.17.0/STM32CubeIDE/plugins/com.st.stm32cube.ide.mcu.externaltools.gnu-tools-for-stm32.12.3.rel1.win32_1.1.0.202410251130/tools/bin/../lib/gcc/arm-none-eabi/12.3.1/thumb/v7e-m+dp/hard/crtn.o
OUTPUT(CAN.elf elf32-littlearm)
LOAD linker stubs
LOAD C:/ST/STM32CubeIDE_1.17.0/STM32CubeIDE/plugins/com.st.stm32cube.ide.mcu.externaltools.gnu-tools-for-stm32.12.3.rel1.win32_1.1.0.202410251130/tools/bin/../lib/gcc/arm-none-eabi/12.3.1/../../../../arm-none-eabi/lib/thumb/v7e-m+dp/hard\libc.a
LOAD C:/ST/STM32CubeIDE_1.17.0/STM32CubeIDE/plugins/com.st.stm32cube.ide.mcu.externaltools.gnu-tools-for-stm32.12.3.rel1.win32_1.1.0.202410251130/tools/bin/../lib/gcc/arm-none-eabi/12.3.1/../../../../arm-none-eabi/lib/thumb/v7e-m+dp/hard\libm.a
LOAD C:/ST/STM32CubeIDE_1.17.0/STM32CubeIDE/plugins/com.st.stm32cube.ide.mcu.externaltools.gnu-tools-for-stm32.12.3.rel1.win32_1.1.0.202410251130/tools/bin/../lib/gcc/arm-none-eabi/12.3.1/thumb/v7e-m+dp/hard\libgcc.a

.debug_info     0x00000000    0x1bb3a
 .debug_info    0x00000000      0x988 ./Core/Src/app/can_app.o
 .debug_info    0x00000988      0xc1e ./Core/Src/app/console.o
 .debug_info    0x000015a6      0x784 ./Core/Src/app/standby_app.o
 .debug_info    0x00001d2a      0xaa9 ./Core/Src/dev/btn_dev.o
 .debug_info    0x000027d3     0x1b7b ./Core/Src/dev/mcp2515.o
 .debug_info    0x0000434e      0xc04 ./Core/Src/drv/can_drv.o
 .debug_info    0x00004f52      0x78c ./Core/Src/drv/usart_drv.o
 .debug_info    0x000056de      0x2eb ./Core/Src/freertos.o
 .debug_info    0x000059c9     0x159d ./Core/Src/main.o
 .debug_info    0x00006f66     0x132a ./Core/Src/stm32f7xx_hal_msp.o
 .debug_info    0x00008290      0x11a ./Core/Src/stm32f7xx_it.o
 .debug_info    0x000083aa      0x6ed ./Core/Src/system_stm32f7xx.o
 .debug_info    0x00008a97     0x1240 ./Core/Src/mng/can_mng.o
 .debug_info    0x00009cd7      0x3e7 ./Core/Src/peri/can.o
 .debug_info    0x0000a0be      0xda3 ./Core/Src/peri/spi.o
 .debug_info    0x0000ae61      0xb12 ./Core/Src/peri/usart.o
 .debug_info    0x0000b973       0x30 ./Core/Startup/startup_stm32f769nihx.o
 .debug_info    0x0000b9a3      0xa52 ./Drivers/STM32F7xx_HAL_Driver/Src/stm32f7xx_hal.o
 .debug_info    0x0000c3f5      0xfc6 ./Drivers/STM32F7xx_HAL_Driver/Src/stm32f7xx_hal_cortex.o
 .debug_info    0x0000d3bb      0x6f3 ./Drivers/STM32F7xx_HAL_Driver/Src/stm32f7xx_hal_gpio.o
 .debug_info    0x0000daae      0x90e ./Drivers/STM32F7xx_HAL_Driver/Src/stm32f7xx_hal_pwr.o
 .debug_info    0x0000e3bc      0x8cd ./Drivers/STM32F7xx_HAL_Driver/Src/stm32f7xx_hal_pwr_ex.o
 .debug_info    0x0000ec89      0x94b ./Drivers/STM32F7xx_HAL_Driver/Src/stm32f7xx_hal_rcc.o
 .debug_info    0x0000f5d4      0x6e1 ./Drivers/STM32F7xx_HAL_Driver/Src/stm32f7xx_hal_rcc_ex.o
 .debug_info    0x0000fcb5     0x15c0 ./Drivers/STM32F7xx_HAL_Driver/Src/stm32f7xx_hal_spi.o
 .debug_info    0x00011275     0x3b13 ./Drivers/STM32F7xx_HAL_Driver/Src/stm32f7xx_hal_uart.o