../Core/Src/peri/usart.c:85:6:usart_common_handler	32	static
../Core/Src/peri/usart.c:147:6:USART1_IRQHandler	8	static
../Core/Src/peri/usart.c:151:6:USART2_IRQHandler	8	static
../Core/Src/peri/usart.c:180:9:usart_config	24	static
../Core/Src/peri/usart.c:224:10:usart_init	16	static
../Core/Src/peri/usart.c:244:10:usart_open	32	static
../Core/Src/peri/usart.c:284:10:usart_close	16	static
../Core/Src/peri/usart.c:290:9:usart_send	40	static,ignoring_inline_asm
../Core/Src/peri/usart.c:349:9:usart_recv	40	static,ignoring_inline_asm
