../Core/Src/main.c:108:5:main	48	static
../Core/Src/main.c:198:6:SystemClock_Config	88	static
../Core/Src/main.c:253:13:MX_SPI1_Init	8	static
../Core/Src/main.c:293:13:MX_SPI2_Init	8	static
../Core/Src/main.c:333:13:MX_USART1_UART_Init	8	static
../Core/Src/main.c:368:13:MX_USART2_UART_Init	8	static
../Core/Src/main.c:403:13:MX_GPIO_Init	40	static
../Core/Src/main.c:445:6:StartDefaultTask	16	static
../Core/Src/main.c:458:6:MPU_Config	24	static
../Core/Src/main.c:489:6:Error_Handler	4	static,ignoring_inline_asm
