../Core/Src/main.c:107:5:main	48	static
../Core/Src/main.c:197:6:SystemClock_Config	88	static
../Core/Src/main.c:252:13:MX_SPI1_Init	8	static
../Core/Src/main.c:292:13:MX_SPI2_Init	8	static
../Core/Src/main.c:332:13:MX_USART1_UART_Init	8	static
../Core/Src/main.c:367:13:MX_USART2_UART_Init	8	static
../Core/Src/main.c:402:13:MX_GPIO_Init	40	static
../Core/Src/main.c:444:6:StartDefaultTask	16	static
../Core/Src/main.c:457:6:MPU_Config	24	static
../Core/Src/main.c:488:6:Error_Handler	4	static,ignoring_inline_asm
