../Core/Src/dev/mcp2515.c:338:6:exti5_9_handler	4	static
../Core/Src/dev/mcp2515.c:344:17:can_spi_send_rcv	32	static
../Core/Src/dev/mcp2515.c:372:17:reset	24	static
../Core/Src/dev/mcp2515.c:387:17:read_reg	32	static
../Core/Src/dev/mcp2515.c:408:17:write_reg	24	static
../Core/Src/dev/mcp2515.c:425:17:modify_bit	40	static
../Core/Src/dev/mcp2515.c:456:17:read_status	32	static
../Core/Src/dev/mcp2515.c:476:17:read_rxstatus	32	static
../Core/Src/dev/mcp2515.c:496:17:wait_sts	32	static
../Core/Src/dev/mcp2515.c:519:17:set_txb	48	static
../Core/Src/dev/mcp2515.c:563:17:set_mask	40	static
../Core/Src/dev/mcp2515.c:591:17:set_filter_0	48	static
../Core/Src/dev/mcp2515.c:629:17:set_filter_1	48	static
../Core/Src/dev/mcp2515.c:683:17:set_rx_info	32	static
../Core/Src/dev/mcp2515.c:704:17:get_free_tx_buf	32	static
../Core/Src/dev/mcp2515.c:724:17:tx_abort	40	static
../Core/Src/dev/mcp2515.c:771:16:check_rx_data	32	static
../Core/Src/dev/mcp2515.c:796:17:clr_rx_flag	24	static
../Core/Src/dev/mcp2515.c:822:17:get_rx_data	64	static
../Core/Src/dev/mcp2515.c:885:17:check_wkup	24	static
../Core/Src/dev/mcp2515.c:911:17:mcpl2515_set_bitrate	56	static
../Core/Src/dev/mcp2515.c:975:6:mcp2515_dev_init	16	static
../Core/Src/dev/mcp2515.c:994:10:mcp2515_dev_open	32	static
../Core/Src/dev/mcp2515.c:1056:10:mcp2515_dev_set_mailbox	40	static
../Core/Src/dev/mcp2515.c:1092:10:mcp2515_dev_start	24	static
../Core/Src/dev/mcp2515.c:1124:10:mcp2515_dev_stop	24	static
../Core/Src/dev/mcp2515.c:1172:10:mcp2515_dev_sleep	24	static
../Core/Src/dev/mcp2515.c:1225:10:mcp2515_dev_send	56	static
../Core/Src/dev/mcp2515.c:1317:10:mcp2515_dev_rx_check	24	static
../Core/Src/dev/mcp2515.c:1347:10:mcp2515_dev_get_rx_data	48	static
../Core/Src/dev/mcp2515.c:1392:10:mcp2515_dev_get_status	40	static
../Core/Src/dev/mcp2515.c:1438:13:mcp2515_cmd_open	24	static
../Core/Src/dev/mcp2515.c:1448:13:mcp2515_cmd_read_reg	32	static
../Core/Src/dev/mcp2515.c:1476:13:mcp2515_cmd_read_status	24	static
../Core/Src/dev/mcp2515.c:1494:13:mcp2515_cmd_write_reg	24	static
../Core/Src/dev/mcp2515.c:1523:13:mcp2515_cmd_change_bit	24	static
../Core/Src/dev/mcp2515.c:1554:13:mcp2515_cmd_start	24	static
../Core/Src/dev/mcp2515.c:1569:13:mcp2515_cmd_send	48	static
../Core/Src/dev/mcp2515.c:1602:6:mcp2515_set_cmd	16	static
